heartbeat: 418
heartbeat: 419
heartbeat: 420
heartbeat: 421
heartbeat: 422
heartbeat: 423
heartbeat: 424
heartbeat: 425
heartbeat: 426
heartbeat: 427
heartbeat: 428
heartbeat: 429
heartbeat: 430
heartbeat: 431
heartbeat: 432
heartbeat: 433
heartbeat: 434
heartbeat: 435
heartbeat: 436
heartbeat: 437
heartbeat: 438
heartbeat: 439
heartbeat: 440
heartbeat: 441
heartbeat: 442
heartbeat: 443
heartbeat: 444
heartbeat: 445
heartbeat: 446
PanView P01 boot
PanView P01 boot
heartbeat: 1
heartbeat: 2
heartbeat: 3
heartbeat: 4
heartbeat: 5
heartbeat: 6
heartbeat: 7
heartbeat: 8
KEY0 pressed
heartbeat: 9
heartbeat: 10
heartbeat: 11
heartbeat: 12
heartbeat: 13
heartbeat: 14
KEY0 pressed
heartbeat: 15
heartbeat: 16
heartbeat: 17
heartbeat: 18
KEY0 pressed
heartbeat: 19
heartbeat: 20
heartbeat: 21
heartbeat: 22
heartbeat: 23
heartbeat: 24
KEY0 pressed
heartbeat: 25
heartbeat: 26
heartbeat: 27
heartbeat: 28
KEY0 pressed
heartbeat: 29
heartbeat: 30
heartbeat: 31
KEY0 pressed
heartbeat: 32
heartbeat: 33
heartbeat: 34
heartbeat: 35
heartbeat: 36
heartbeat: 37
heartbeat: 38
heartbeat: 39
heartbeat: 40
heartbeat: 41
heartbeat: 42
heartbeat: 43
heartbeat: 44
heartbeat: 45
heartbeat: 46
heartbeat: 47
heartbeat: 48
heartbeat: 49
heartbeat: 50
heartbeat: 51
heartbeat: 52
heartbeat: 53
heartbeat: 54
heartbeat: 55
heartbeat: 56
heartbeat: 57
heartbeat: 58
heartbeat: 59
heartbeat: 60
heartbeat: 61
heartbeat: 62
heartbeat: 63
heartbeat: 64
heartbeat: 65
heartbeat: 66
heartbeat: 67
heartbeat: 68
heartbeat: 69
heartbeat: 70
heartbeat: 71
heartbeat: 72
heartbeat: 73
heartbeat: 74
heartbeat: 75
heartbeat: 76
heartbeat: 77
heartbeat: 78
heartbeat: 79
heartbeat: 80
heartbeat: 81
heartbeat: 82
heartbeat: 83
heartbeat: 84
heartbeat: 85
heartbeat: 86
heartbeat: 87
heartbeat: 88
heartbeat: 89
heartbeat: 90
heartbeat: 91
heartbeat: 92
heartbeat: 93
heartbeat: 94
heartbeat: 95
heartbeat: 96
heartbeat: 97
heartbeat: 98
heartbeat: 99
heartbeat: 100
heartbeat: 101
heartbeat: 102
heartbeat: 103
heartbeat: 104
heartbeat: 105
heartbeat: 106
heartbeat: 107
heartbeat: 108
heartbeat: 109
heartbeat: 110
heartbeat: 111
heartbeat: 112
heartbeat: 113
heartbeat: 114
heartbeat: 115
heartbeat: 116
heartbeat: 117
heartbeat: 118
heartbeat: 119
heartbeat: 120
heartbeat: 121
heartbeat: 122
heartbeat: 123
heartbeat: 124
heartbeat: 125
heartbeat: 126
heartbeat: 127
heartbeat: 128
heartbeat: 129
heartbeat: 130
heartbeat: 131
heartbeat: 132
heartbeat: 133
heartbeat: 134
heartbeat: 135
heartbeat: 136
heartbeat: 137
heartbeat: 138
heartbeat: 139
heartbeat: 140
heartbeat: 141
heartbeat: 142
heartbeat: 143
heartbeat: 144
heartbeat: 145
heartbeat: 146
heartbeat: 147
heartbeat: 148
heartbeat: 149
heartbeat: 150
heartbeat: 151
heartbeat: 152
heartbeat: 153
heartbeat: 154
heartbeat: 155
heartbeat: 156
heartbeat: 157
heartbeat: 158
heartbeat: 159
heartbeat: 160
heartbeat: 161
heartbeat: 162
heartbeat: 163
heartbeat: 164
heartbeat: 165
heartbeat: 166
heartbeat: 167
heartbeat: 168
heartbeat: 169
heartbeat: 170
heartbeat: 171
heartbeat: 172
heartbeat: 173
heartbeat: 174
heartbeat: 175
heartbeat: 176
heartbeat: 177
heartbeat: 178
heartbeat: 179
heartbeat: 180
heartbeat: 181
heartbeat: 182
heartbeat: 183
heartbeat: 184
heartbeat: 185
heartbeat: 186
heartbeat: 187
heartbeat: 188
heartbeat: 189
heartbeat: 190
heartbeat: 191
heartbeat: 192
heartbeat: 193
heartbeat: 194
heartbeat: 195
heartbeat: 196
heartbeat: 197
heartbeat: 198
heartbeat: 199
heartbeat: 200
heartbeat: 201
heartbeat: 202
heartbeat: 203
heartbeat: 204
heartbeat: 205
heartbeat: 206
heartbeat: 207
heartbeat: 208
heartbeat: 209
heartbeat: 210
heartbeat: 211
heartbeat: 212
heartbeat: 213
heartbeat: 214
heartbeat: 215
heartbeat: 216
heartbeat: 217
heartbeat: 218
heartbeat: 219
heartbeat: 220
heartbeat: 221
heartbeat: 222
heartbeat: 223
heartbeat: 224
heartbeat: 225
heartbeat: 226
heartbeat: 227
heartbeat: 228
heartbeat: 229
heartbeat: 230
heartbeat: 231
heartbeat: 232
heartbeat: 233
heartbeat: 234
heartbeat: 235
heartbeat: 236
heartbeat: 237
heartbeat: 238
heartbeat: 239
heartbeat: 240
heartbeat: 241
heartbeat: 242
heartbeat: 243
heartbeat: 244
heartbeat: 245
heartbeat: 246
heartbeat: 247
heartbeat: 248
heartbeat: 249
heartbeat: 250
heartbeat: 251
heartbeat: 252
heartbeat: 253
heartbeat: 254
heartbeat: 255
heartbeat: 256
heartbeat: 257
heartbeat: 258
heartbeat: 259
heartbeat: 260
heartbeat: 261
heartbeat: 262
heartbeat: 263
heartbeat: 264
heartbeat: 265
heartbeat: 266
heartbeat: 267
heartbeat: 268
heartbeat: 269
heartbeat: 270
heartbeat: 271
heartbeat: 272
heartbeat: 273
heartbeat: 274
heartbeat: 275
heartbeat: 276
heartbeat: 277
heartbeat: 278
heartbeat: 279
heartbeat: 280
heartbeat: 281
heartbeat: 282
heartbeat: 283
heartbeat: 284
heartbeat: 285
heartbeat: 286
heartbeat: 287
heartbeat: 288
heartbeat: 289
heartbeat: 290
heartbeat: 291
heartbeat: 292
heartbeat: 293
heartbeat: 294
heartbeat: 295
heartbeat: 296
heartbeat: 297
heartbeat: 298
heartbeat: 299
heartbeat: 300
heartbeat: 301
heartbeat: 302
heartbeat: 303
heartbeat: 304
heartbeat: 305
heartbeat: 306
heartbeat: 307
heartbeat: 308
heartbeat: 309
heartbeat: 310
heartbeat: 311
heartbeat: 312
heartbeat: 313
heartbeat: 314
heartbeat: 315
heartbeat: 316
heartbeat: 317
heartbeat: 318
heartbeat: 319
heartbeat: 320
heartbeat: 321
heartbeat: 322
heartbeat: 323
heartbeat: 324
heartbeat: 325
heartbeat: 326
heartbeat: 327
heartbeat: 328
heartbeat: 329
heartbeat: 330
heartbeat: 331
heartbeat: 332
heartbeat: 333
heartbeat: 334
heartbeat: 335
heartbeat: 336
heartbeat: 337
heartbeat: 338
heartbeat: 339
heartbeat: 340
heartbeat: 341
heartbeat: 342
heartbeat: 343
heartbeat: 344
heartbeat: 345
heartbeat: 346
heartbeat: 347
heartbeat: 348
heartbeat: 349
heartbeat: 350
heartbeat: 351
heartbeat: 352
heartbeat: 353
heartbeat: 354
heartbeat: 355
heartbeat: 356
heartbeat: 357
heartbeat: 358
heartbeat: 359
heartbeat: 360
heartbeat: 361
heartbeat: 362
heartbeat: 363
heartbeat: 364
heartbeat: 365
heartbeat: 366
heartbeat: 367
heartbeat: 368
heartbeat: 369
heartbeat: 370
heartbeat: 371
heartbeat: 372
heartbeat: 373
heartbeat: 374
heartbeat: 375
heartbeat: 376
heartbeat: 377
heartbeat: 378
heartbeat: 379
heartbeat: 380
heartbeat: 381
heartbeat: 382
heartbeat: 383
heartbeat: 384
heartbeat: 385
heartbeat: 386
heartbeat: 387
heartbeat: 388
heartbeat: 389
heartbeat: 390
heartbeat: 391
heartbeat: 392
heartbeat: 393
heartbeat: 394
PanView P01 boot
PanView P01 boot
heartbeat: 1 scans: 50 status: 5
heartbeat: 2 scans: 100 status: 10
heartbeat: 3 scans: 150 status: 15
heartbeat: 4 scans: 200 status: 20
heartbeat: 5 scans: 250 status: 25
heartbeat: 6 scans: 300 status: 30
heartbeat: 7 scans: 350 status: 35
heartbeat: 8 scans: 400 status: 40
heartbeat: 9 scans: 450 status: 45
heartbeat: 10 scans: 500 status: 50
heartbeat: 11 scans: 550 status: 55
heartbeat: 12 scans: 600 status: 60
heartbeat: 13 scans: 650 status: 65
heartbeat: 14 scans: 700 status: 70
heartbeat: 15 scans: 750 status: 75
heartbeat: 16 scans: 800 status: 80
heartbeat: 17 scans: 850 status: 85
heartbeat: 18 scans: 900 status: 90
heartbeat: 19 scans: 950 status: 95
heartbeat: 20 scans: 1000 status: 100
heartbeat: 21 scans: 1050 status: 105
heartbeat: 22 scans: 1100 status: 110
heartbeat: 23 scans: 1150 status: 115
heartbeat: 24 scans: 1200 status: 120
heartbeat: 25 scans: 1250 status: 125
heartbeat: 26 scans: 1300 status: 130
heartbeat: 27 scans: 1350 status: 135
heartbeat: 28 scans: 1400 status: 140
heartbeat: 29 scans: 1450 status: 145
heartbeat: 30 scans: 1500 status: 150
heartbeat: 31 scans: 1550 status: 155
heartbeat: 32 scans: 1600 status: 160
heartbeat: 33 scans: 1650 status: 165
heartbeat: 34 scans: 1700 status: 170
heartbeat: 35 scans: 1750 status: 175
heartbeat: 36 scans: 1800 status: 180
heartbeat: 37 scans: 1850 status: 185
heartbeat: 38 scans: 1900 status: 190
heartbeat: 39 scans: 1950 status: 195
heartbeat: 40 scans: 2000 status: 200
heartbeat: 41 scans: 2050 status: 205
heartbeat: 42 scans: 2100 status: 210
heartbeat: 43 scans: 2150 status: 215
heartbeat: 44 scans: 2200 status: 220
heartbeat: 45 scans: 2250 status: 225
heartbeat: 46 scans: 2300 status: 230
heartbeat: 47 scans: 2350 status: 235
heartbeat: 48 scans: 2400 status: 240
heartbeat: 49 scans: 2450 status: 245
heartbeat: 50 scans: 2500 status: 250
heartbeat: 51 scans: 2550 status: 255
heartbeat: 52 scans: 2600 status: 260
heartbeat: 53 scans: 2650 status: 265
heartbeat: 54 scans: 2700 status: 270
heartbeat: 55 scans: 2750 status: 275
heartbeat: 56 scans: 2800 status: 280
heartbeat: 57 scans: 2850 status: 285
heartbeat: 58 scans: 2900 status: 290
heartbeat: 59 scans: 2950 status: 295
heartbeat: 60 scans: 3000 status: 300
heartbeat: 61 scans: 3050 status: 305
heartbeat: 62 scans: 3100 status: 310
heartbeat: 63 scans: 3150 status: 315
heartbeat: 64 scans: 3200 status: 320
heartbeat: 65 scans: 3250 status: 325
heartbeat: 66 scans: 3300 status: 330
heartbeat: 67 scans: 3350 status: 335
heartbeat: 68 scans: 3400 status: 340
heartbeat: 69 scans: 3450 status: 345
heartbeat: 70 scans: 3500 status: 350
heartbeat: 71 scans: 3550 status: 355
heartbeat: 72 scans: 3600 status: 360
heartbeat: 73 scans: 3650 status: 365
heartbeat: 74 scans: 3700 status: 370
heartbeat: 75 scans: 3750 status: 375
heartbeat: 76 scans: 3800 status: 380
heartbeat: 77 scans: 3850 status: 385
heartbeat: 78 scans: 3900 status: 390
heartbeat: 79 scans: 3950 status: 395
heartbeat: 80 scans: 4000 status: 400
heartbeat: 81 scans: 4050 status: 405
heartbeat: 82 scans: 4100 status: 410
heartbeat: 83 scans: 4150 status: 415
heartbeat: 84 scans: 4200 status: 420
heartbeat: 85 scans: 4250 status: 425
heartbeat: 86 scans: 4300 status: 430
heartbeat: 87 scans: 4350 status: 435
heartbeat: 88 scans: 4400 status: 440
heartbeat: 89 scans: 4450 status: 445
heartbeat: 90 scans: 4500 status: 450
heartbeat: 91 scans: 4550 status: 455
heartbeat: 92 scans: 4600 status: 460
heartbeat: 93 scans: 4650 status: 465
heartbeat: 94 scans: 4700 status: 470
heartbeat: 95 scans: 4750 status: 475
heartbeat: 96 scans: 4800 status: 480
heartbeat: 97 scans: 4850 status: 485
heartbeat: 98 scans: 4900 status: 490
heartbeat: 99 scans: 4950 status: 495
heartbeat: 100 scans: 5000 status: 500
heartbeat: 101 scans: 5050 status: 505
heartbeat: 102 scans: 5100 status: 510
heartbeat: 103 scans: 5150 status: 515
heartbeat: 104 scans: 5200 status: 520
heartbeat: 105 scans: 5250 status: 525
heartbeat: 106 scans: 5300 status: 530
heartbeat: 107 scans: 5350 status: 535
heartbeat: 108 scans: 5400 status: 540
heartbeat: 109 scans: 5450 status: 545
heartbeat: 110 scans: 5500 status: 550
heartbeat: 111 scans: 5550 status: 555
heartbeat: 112 scans: 5600 status: 560
heartbeat: 113 scans: 5650 status: 565
heartbeat: 114 scans: 5700 status: 570
heartbeat: 115 scans: 5750 status: 575
heartbeat: 116 scans: 5800 status: 580
heartbeat: 117 scans: 5850 status: 585
heartbeat: 118 scans: 5900 status: 590
heartbeat: 119 scans: 5950 status: 595
heartbeat: 120 scans: 6000 status: 600
heartbeat: 121 scans: 6050 status: 605
heartbeat: 122 scans: 6100 status: 610
heartbeat: 123 scans: 6150 status: 615
heartbeat: 124 scans: 6200 status: 620
heartbeat: 125 scans: 6250 status: 625
heartbeat: 126 scans: 6300 status: 630
heartbeat: 127 scans: 6350 status: 635
heartbeat: 128 scans: 6400 status: 640
heartbeat: 129 scans: 6450 status: 645
heartbeat: 130 scans: 6500 status: 650
heartbeat: 131 scans: 6550 status: 655
heartbeat: 132 scans: 6600 status: 660
heartbeat: 133 scans: 6650 status: 665
heartbeat: 134 scans: 6700 status: 670
heartbeat: 135 scans: 6750 status: 675
heartbeat: 136 scans: 6800 status: 680
heartbeat: 137 scans: 6850 status: 685
heartbeat: 138 scans: 6900 status: 690
heartbeat: 139 scans: 6950 status: 695
heartbeat: 140 scans: 7000 status: 700
heartbeat: 141 scans: 7050 status: 705
heartbeat: 142 scans: 7100 status: 710
heartbeat: 143 scans: 7150 status: 715
heartbeat: 144 scans: 7200 status: 720
heartbeat: 145 scans: 7250 status: 725
heartbeat: 146 scans: 7300 status: 730
heartbeat: 147 scans: 7350 status: 735
heartbeat: 148 scans: 7400 status: 740
heartbeat: 149 scans: 7450 status: 745
heartbeat: 150 scans: 7500 status: 750
heartbeat: 151 scans: 7550 status: 755
heartbeat: 152 scans: 7600 status: 760
heartbeat: 153 scans: 7650 status: 765
heartbeat: 154 scans: 7700 status: 770
heartbeat: 155 scans: 7750 status: 775
heartbeat: 156 scans: 7800 status: 780
heartbeat: 157 scans: 7850 status: 785
heartbeat: 158 scans: 7900 status: 790
heartbeat: 159 scans: 7950 status: 795
heartbeat: 160 scans: 8000 status: 800
heartbeat: 161 scans: 8050 status: 805
heartbeat: 162 scans: 8100 status: 810
heartbeat: 163 scans: 8150 status: 815
heartbeat: 164 scans: 8200 status: 820
heartbeat: 165 scans: 8250 status: 825
heartbeat: 166 scans: 8300 status: 830
heartbeat: 167 scans: 8350 status: 835
heartbeat: 168 scans: 8400 status: 840
heartbeat: 169 scans: 8450 status: 845
heartbeat: 170 scans: 8500 status: 850
heartbeat: 171 scans: 8550 status: 855
heartbeat: 172 scans: 8600 status: 860
heartbeat: 173 scans: 8650 status: 865
heartbeat: 174 scans: 8700 status: 870
heartbeat: 175 scans: 8750 status: 875
heartbeat: 176 scans: 8800 status: 880
heartbeat: 177 scans: 8850 status: 885
heartbeat: 178 scans: 8900 status: 890
heartbeat: 179 scans: 8950 status: 895
heartbeat: 180 scans: 9000 status: 900
heartbeat: 181 scans: 9050 status: 905
heartbeat: 182 scans: 9100 status: 910
heartbeat: 183 scans: 9150 status: 915
heartbeat: 184 scans: 9200 status: 920
heartbeat: 185 scans: 9250 status: 925
heartbeat: 186 scans: 9300 status: 930
heartbeat: 187 scans: 9350 status: 935
heartbeat: 188 scans: 9400 status: 940
heartbeat: 189 scans: 9450 status: 945
heartbeat: 190 scans: 9500 status: 950
heartbeat: 191 scans: 9550 status: 955
heartbeat: 192 scans: 9600 status: 960
heartbeat: 193 scans: 9650 status: 965
heartbeat: 194 scans: 9700 status: 970
heartbeat: 195 scans: 9750 status: 975
heartbeat: 196 scans: 9800 status: 980
heartbeat: 197 scans: 9850 status: 985
heartbeat: 198 scans: 9900 status: 990
heartbeat: 199 scans: 9950 status: 995
heartbeat: 200 scans: 10000 status: 1000
heartbeat: 201 scans: 10050 status: 1005
heartbeat: 202 scans: 10100 status: 1010
heartbeat: 203 scans: 10150 status: 1015
heartbeat: 204 scans: 10200 status: 1020
heartbeat: 205 scans: 10250 status: 1025
heartbeat: 206 scans: 10300 status: 1030
heartbeat: 207 scans: 10350 status: 1035
heartbeat: 208 scans: 10400 status: 1040
heartbeat: 209 scans: 10450 status: 1045
heartbeat: 210 scans: 10500 status: 1050
heartbeat: 211 scans: 10550 status: 1055
heartbeat: 212 scans: 10600 status: 1060
heartbeat: 213 scans: 10650 status: 1065
heartbeat: 214 scans: 10700 status: 1070
heartbeat: 215 scans: 10750 status: 1075
heartbeat: 216 scans: 10800 status: 1080
heartbeat: 217 scans: 10850 status: 1085
heartbeat: 218 scans: 10900 status: 1090
heartbeat: 219 scans: 10950 status: 1095
heartbeat: 220 scans: 11000 status: 1100
heartbeat: 221 scans: 11050 status: 1105
heartbeat: 222 scans: 11100 status: 1110
heartbeat: 223 scans: 11150 status: 1115
heartbeat: 224 scans: 11200 status: 1120
heartbeat: 225 scans: 11250 status: 1125
heartbeat: 226 scans: 11300 status: 1130
heartbeat: 227 scans: 11350 status: 1135
heartbeat: 228 scans: 11400 status: 1140
heartbeat: 229 scans: 11450 status: 1145
heartbeat: 230 scans: 11500 status: 1150
heartbeat: 231 scans: 11550 status: 1155
heartbeat: 232 scans: 11600 status: 1160
heartbeat: 233 scans: 11650 status: 1165
heartbeat: 234 scans: 11700 status: 1170
heartbeat: 235 scans: 11750 status: 1175
heartbeat: 236 scans: 11800 status: 1180
heartbeat: 237 scans: 11850 status: 1185
heartbeat: 238 scans: 11900 status: 1190
heartbeat: 239 scans: 11950 status: 1195
heartbeat: 240 scans: 12000 status: 1200
heartbeat: 241 scans: 12050 status: 1205
heartbeat: 242 scans: 12100 status: 1210
heartbeat: 243 scans: 12150 status: 1215
heartbeat: 244 scans: 12200 status: 1220
heartbeat: 245 scans: 12250 status: 1225
heartbeat: 246 scans: 12300 status: 1230
heartbeat: 247 scans: 12350 status: 1235
heartbeat: 248 scans: 12400 status: 1240
heartbeat: 249 scans: 12450 status: 1245
heartbeat: 250 scans: 12500 status: 1250
heartbeat: 251 scans: 12550 status: 1255
heartbeat: 252 scans: 12600 status: 1260
heartbeat: 253 scans: 12650 status: 1265
heartbeat: 254 scans: 12700 status: 1270
heartbeat: 255 scans: 12750 status: 1275
heartbeat: 256 scans: 12800 status: 1280
heartbeat: 257 scans: 12850 status: 1285
heartbeat: 258 scans: 12900 status: 1290
heartbeat: 259 scans: 12950 status: 1295
heartbeat: 260 scans: 13000 status: 1300
heartbeat: 261 scans: 13050 status: 1305
heartbeat: 262 scans: 13100 status: 1310
PanView P01 boot
PanView P01 boot
t=500 dt=500 heartbeat=1 scans=50 status=5
t=1000 dt=500 heartbeat=2 scans=100 status=10
t=1500 dt=500 heartbeat=3 scans=150 status=15
t=2000 dt=500 heartbeat=4 scans=200 status=20
t=2500 dt=500 heartbeat=5 scans=250 status=25
t=3000 dt=500 heartbeat=6 scans=300 status=30
t=3500 dt=500 heartbeat=7 scans=350 status=35
t=4000 dt=500 heartbeat=8 scans=400 status=40
t=4500 dt=500 heartbeat=9 scans=450 status=45
t=5000 dt=500 heartbeat=10 scans=500 status=50
t=5500 dt=500 heartbeat=11 scans=550 status=55
t=6000 dt=500 heartbeat=12 scans=600 status=60
t=6500 dt=500 heartbeat=13 scans=650 status=65
t=7000 dt=500 heartbeat=14 scans=700 status=70
t=7500 dt=500 heartbeat=15 scans=750 status=75
t=8000 dt=500 heartbeat=16 scans=800 status=80
t=8500 dt=500 heartbeat=17 scans=850 status=85
t=9000 dt=500 heartbeat=18 scans=900 status=90
t=9500 dt=500 heartbeat=19 scans=950 status=95
t=10000 dt=500 heartbeat=20 scans=1000 status=100
t=10500 dt=500 heartbeat=21 scans=1050 status=105
t=11000 dt=500 heartbeat=22 scans=1100 status=110
t=11500 dt=500 heartbeat=23 scans=1150 status=115
t=12000 dt=500 heartbeat=24 scans=1200 status=120
t=12500 dt=500 heartbeat=25 scans=1250 status=125
t=13000 dt=500 heartbeat=26 scans=1300 status=130
t=13500 dt=500 heartbeat=27 scans=1350 status=135
t=14000 dt=500 heartbeat=28 scans=1400 status=140
t=14500 dt=500 heartbeat=29 scans=1450 status=145
t=15000 dt=500 heartbeat=30 scans=1500 status=150
t=15500 dt=500 heartbeat=31 scans=1550 status=155
t=16000 dt=500 heartbeat=32 scans=1600 status=160
t=16500 dt=500 heartbeat=33 scans=1650 status=165
t=17000 dt=500 heartbeat=34 scans=1700 status=170
t=17500 dt=500 heartbeat=35 scans=1750 status=175
t=18000 dt=500 heartbeat=36 scans=1800 status=180
t=18500 dt=500 heartbeat=37 scans=1850 status=185
t=19000 dt=500 heartbeat=38 scans=1900 status=190
t=19500 dt=500 heartbeat=39 scans=1950 status=195
t=20000 dt=500 heartbeat=40 scans=2000 status=200
t=20500 dt=500 heartbeat=41 scans=2050 status=205
t=21000 dt=500 heartbeat=42 scans=2100 status=210
t=21500 dt=500 heartbeat=43 scans=2150 status=215
t=22000 dt=500 heartbeat=44 scans=2200 status=220
t=22500 dt=500 heartbeat=45 scans=2250 status=225
t=23000 dt=500 heartbeat=46 scans=2300 status=230
t=23500 dt=500 heartbeat=47 scans=2350 status=235
t=24000 dt=500 heartbeat=48 scans=2400 status=240
t=24500 dt=500 heartbeat=49 scans=2450 status=245
t=25000 dt=500 heartbeat=50 scans=2500 status=250
t=25500 dt=500 heartbeat=51 scans=2550 status=255
t=26000 dt=500 heartbeat=52 scans=2600 status=260
t=26500 dt=500 heartbeat=53 scans=2650 status=265
t=27000 dt=500 heartbeat=54 scans=2700 status=270
t=27500 dt=500 heartbeat=55 scans=2750 status=275
t=28000 dt=500 heartbeat=56 scans=2800 status=280
t=28500 dt=500 heartbeat=57 scans=2850 status=285
t=29000 dt=500 heartbeat=58 scans=2900 status=290
t=29500 dt=500 heartbeat=59 scans=2950 status=295
t=30000 dt=500 heartbeat=60 scans=3000 status=300
t=30500 dt=500 heartbeat=61 scans=3050 status=305
t=31000 dt=500 heartbeat=62 scans=3100 status=310
t=31500 dt=500 heartbeat=63 scans=3150 status=315
t=32000 dt=500 heartbeat=64 scans=3200 status=320
t=32500 dt=500 heartbeat=65 scans=3250 status=325
t=33000 dt=500 heartbeat=66 scans=3300 status=330
t=33500 dt=500 heartbeat=67 scans=3350 status=335
t=34000 dt=500 heartbeat=68 scans=3400 status=340
t=34500 dt=500 heartbeat=69 scans=3450 status=345
t=35000 dt=500 heartbeat=70 scans=3500 status=350
t=35500 dt=500 heartbeat=71 scans=3550 status=355
t=36000 dt=500 heartbeat=72 scans=3600 status=360
t=36500 dt=500 heartbeat=73 scans=3650 status=365
t=37000 dt=500 heartbeat=74 scans=3700 status=370
t=37500 dt=500 heartbeat=75 scans=3750 status=375
t=38000 dt=500 heartbeat=76 scans=3800 status=380
t=38500 dt=500 heartbeat=77 scans=3850 status=385
t=39000 dt=500 heartbeat=78 scans=3900 status=390
t=39500 dt=500 heartbeat=79 scans=3950 status=395
t=40000 dt=500 heartbeat=80 scans=4000 status=400
t=40500 dt=500 heartbeat=81 scans=4050 status=405
t=41000 dt=500 heartbeat=82 scans=4100 status=410
t=41500 dt=500 heartbeat=83 scans=4150 status=415
t=42000 dt=500 heartbeat=84 scans=4200 status=420
t=42500 dt=500 heartbeat=85 scans=4250 status=425
t=43000 dt=500 heartbeat=86 scans=4300 status=430
t=43500 dt=500 heartbeat=87 scans=4350 status=435
t=44000 dt=500 heartbeat=88 scans=4400 status=440
t=44500 dt=500 heartbeat=89 scans=4450 status=445
t=45000 dt=500 heartbeat=90 scans=4500 status=450
t=45500 dt=500 heartbeat=91 scans=4550 status=455
t=46000 dt=500 heartbeat=92 scans=4600 status=460
t=46500 dt=500 heartbeat=93 scans=4650 status=465
t=47000 dt=500 heartbeat=94 scans=4700 status=470
t=47500 dt=500 heartbeat=95 scans=4750 status=475
t=48000 dt=500 heartbeat=96 scans=4800 status=480
t=48500 dt=500 heartbeat=97 scans=4850 status=485
t=49000 dt=500 heartbeat=98 scans=4900 status=490
t=49500 dt=500 heartbeat=99 scans=4950 status=495
t=50000 dt=500 heartbeat=100 scans=5000 status=500
t=50500 dt=500 heartbeat=101 scans=5050 status=505
t=51000 dt=500 heartbeat=102 scans=5100 status=510
t=51500 dt=500 heartbeat=103 scans=5150 status=515
t=52000 dt=500 heartbeat=104 scans=5200 status=520
t=52500 dt=500 heartbeat=105 scans=5250 status=525
t=53000 dt=500 heartbeat=106 scans=5300 status=530
t=53500 dt=500 heartbeat=107 scans=5350 status=535
t=54000 dt=500 heartbeat=108 scans=5400 status=540
t=54500 dt=500 heartbeat=109 scans=5450 status=545
t=55000 dt=500 heartbeat=110 scans=5500 status=550
t=55500 dt=500 heartbeat=111 scans=5550 status=555
t=56000 dt=500 heartbeat=112 scans=5600 status=560
t=56500 dt=500 heartbeat=113 scans=5650 status=565
t=57000 dt=500 heartbeat=114 scans=5700 status=570
t=57500 dt=500 heartbeat=115 scans=5750 status=575
t=58000 dt=500 heartbeat=116 scans=5800 status=580
t=58500 dt=500 heartbeat=117 scans=5850 status=585
t=59000 dt=500 heartbeat=118 scans=5900 status=590
t=59500 dt=500 heartbeat=119 scans=5950 status=595
t=60000 dt=500 heartbeat=120 scans=6000 status=600
t=60500 dt=500 heartbeat=121 scans=6050 status=605
t=61000 dt=500 heartbeat=122 scans=6100 status=610
t=61500 dt=500 heartbeat=123 scans=6150 status=615
t=62000 dt=500 heartbeat=124 scans=6200 status=620
t=62500 dt=500 heartbeat=125 scans=6250 status=625
t=63000 dt=500 heartbeat=126 scans=6300 status=630
t=63500 dt=500 heartbeat=127 scans=6350 status=635
t=64000 dt=500 heartbeat=128 scans=6400 status=640
t=64500 dt=500 heartbeat=129 scans=6450 status=645
t=65000 dt=500 heartbeat=130 scans=6500 status=650
t=65500 dt=500 heartbeat=131 scans=6550 status=655
t=66000 dt=500 heartbeat=132 scans=6600 status=660
t=66500 dt=500 heartbeat=133 scans=6650 status=665
t=67000 dt=500 heartbeat=134 scans=6700 status=670
t=67500 dt=500 heartbeat=135 scans=6750 status=675
t=68000 dt=500 heartbeat=136 scans=6800 status=680
t=68500 dt=500 heartbeat=137 scans=6850 status=685
t=69000 dt=500 heartbeat=138 scans=6900 status=690
t=69500 dt=500 heartbeat=139 scans=6950 status=695
t=70000 dt=500 heartbeat=140 scans=7000 status=700
t=70500 dt=500 heartbeat=141 scans=7050 status=705
t=71000 dt=500 heartbeat=142 scans=7100 status=710
t=71500 dt=500 heartbeat=143 scans=7150 status=715
t=72000 dt=500 heartbeat=144 scans=7200 status=720
t=72500 dt=500 heartbeat=145 scans=7250 status=725
t=73000 dt=500 heartbeat=146 scans=7300 status=730
t=73500 dt=500 heartbeat=147 scans=7350 status=735
t=74000 dt=500 heartbeat=148 scans=7400 status=740
t=74500 dt=500 heartbeat=149 scans=7450 status=745
t=75000 dt=500 heartbeat=150 scans=7500 status=750
t=75500 dt=500 heartbeat=151 scans=7550 status=755
t=76000 dt=500 heartbeat=152 scans=7600 status=760
t=76500 dt=500 heartbeat=153 scans=7650 status=765
t=77000 dt=500 heartbeat=154 scans=7700 status=770
t=77500 dt=500 heartbeat=155 scans=7750 status=775
t=78000 dt=500 heartbeat=156 scans=7800 status=780
t=78500 dt=500 heartbeat=157 scans=7850 status=785
t=79000 dt=500 heartbeat=158 scans=7900 status=790
t=79500 dt=500 heartbeat=159 scans=7950 status=795
t=80000 dt=500 heartbeat=160 scans=8000 status=800
t=80500 dt=500 heartbeat=161 scans=8050 status=805
t=81000 dt=500 heartbeat=162 scans=8100 status=810
t=81500 dt=500 heartbeat=163 scans=8150 status=815
t=82000 dt=500 heartbeat=164 scans=8200 status=820
t=82500 dt=500 heartbeat=165 scans=8250 status=825
t=83000 dt=500 heartbeat=166 scans=8300 status=830
t=83500 dt=500 heartbeat=167 scans=8350 status=835
t=84000 dt=500 heartbeat=168 scans=8400 status=840
t=84500 dt=500 heartbeat=169 scans=8450 status=845
t=85000 dt=500 heartbeat=170 scans=8500 status=850
t=85500 dt=500 heartbeat=171 scans=8550 status=855
t=86000 dt=500 heartbeat=172 scans=8600 status=860
t=86500 dt=500 heartbeat=173 scans=8650 status=865
t=87000 dt=500 heartbeat=174 scans=8700 status=870
t=87500 dt=500 heartbeat=175 scans=8750 status=875
t=88000 dt=500 heartbeat=176 scans=8800 status=880
t=88500 dt=500 heartbeat=177 scans=8850 status=885
t=89000 dt=500 heartbeat=178 scans=8900 status=890
t=89500 dt=500 heartbeat=179 scans=8950 status=895
t=90000 dt=500 heartbeat=180 scans=9000 status=900
t=90500 dt=500 heartbeat=181 scans=9050 status=905
t=91000 dt=500 heartbeat=182 scans=9100 status=910
t=91500 dt=500 heartbeat=183 scans=9150 status=915
t=92000 dt=500 heartbeat=184 scans=9200 status=920
t=92500 dt=500 heartbeat=185 scans=9250 status=925
t=93000 dt=500 heartbeat=186 scans=9300 status=930
t=93500 dt=500 heartbeat=187 scans=9350 status=935
t=94000 dt=500 heartbeat=188 scans=9400 status=940
t=94500 dt=500 heartbeat=189 scans=9450 status=945
t=95000 dt=500 heartbeat=190 scans=9500 status=950
t=95500 dt=500 heartbeat=191 scans=9550 status=955
t=96000 dt=500 heartbeat=192 scans=9600 status=960
t=96500 dt=500 heartbeat=193 scans=9650 status=965
t=97000 dt=500 heartbeat=194 scans=9700 status=970
t=97500 dt=500 heartbeat=195 scans=9750 status=975
t=98000 dt=500 heartbeat=196 scans=9800 status=980
t=98500 dt=500 heartbeat=197 scans=9850 status=985
t=99000 dt=500 heartbeat=198 scans=9900 status=990
t=99500 dt=500 heartbeat=199 scans=9950 status=995
t=100000 dt=500 heartbeat=200 scans=10000 status=1000
t=100500 dt=500 heartbeat=201 scans=10050 status=1005
t=101000 dt=500 heartbeat=202 scans=10100 status=1010
t=101500 dt=500 heartbeat=203 scans=10150 status=1015
t=102000 dt=500 heartbeat=204 scans=10200 status=1020
t=102500 dt=500 heartbeat=205 scans=10250 status=1025
t=103000 dt=500 heartbeat=206 scans=10300 status=1030
t=103500 dt=500 heartbeat=207 scans=10350 status=1035
t=104000 dt=500 heartbeat=208 scans=10400 status=1040
t=104500 dt=500 heartbeat=209 scans=10450 status=1045
t=105000 dt=500 heartbeat=210 scans=10500 status=1050
t=105500 dt=500 heartbeat=211 scans=10550 status=1055
t=106000 dt=500 heartbeat=212 scans=10600 status=1060
t=106500 dt=500 heartbeat=213 scans=10650 status=1065
t=107000 dt=500 heartbeat=214 scans=10700 status=1070
t=107500 dt=500 heartbeat=215 scans=10750 status=1075
t=108000 dt=500 heartbeat=216 scans=10800 status=1080
t=108500 dt=500 heartbeat=217 scans=10850 status=1085
t=109000 dt=500 heartbeat=218 scans=10900 status=1090
t=109500 dt=500 heartbeat=219 scans=10950 status=1095
t=110000 dt=500 heartbeat=220 scans=11000 status=1100
t=110500 dt=500 heartbeat=221 scans=11050 status=1105
t=111000 dt=500 heartbeat=222 scans=11100 status=1110
t=111500 dt=500 heartbeat=223 scans=11150 status=1115
t=112000 dt=500 heartbeat=224 scans=11200 status=1120
t=112500 dt=500 heartbeat=225 scans=11250 status=1125
t=113000 dt=500 heartbeat=226 scans=11300 status=1130
