¦êşPanView P01 boot
heartbeat: 1
heartbeat: 2
heartbeat: 3
heartbeat: 4
heartbeat: 5
heartbeat: 6
heartbeat: 7
heartbeat: 8
heartbeat: 9
PanView P01 boot
heartbeat: 1
heartbeat: 2
heartbeat: 3
KEY0 pressed
KEY0 pressed
heartbeat: 4
heartbeat: 5
KEY0 pressed
heartbeat: 6
heartbeat: 7
KEY0 pressed
heartbeat: 8
KEY0 pressed
heartbeat: 9
heartbeat: 10
heartbeat: 11
heartbeat: 12
heartbeat: 13
heartbeat: 14
heartbeat: 15
heartbeat: 16
heartbeat: 17
heartbeat: 18
heartbeat: 19
heartbeat: 20
heartbeat: 21
heartbeat: 22
heartbeat: 23
heartbeat: 24
heartbeat: 25
heartbeat: 26
heartbeat: 27
heartbeat: 28
heartbeat: 29
heartbeat: 30
heartbeat: 31
heartbeat: 32
heartbeat: 33
heartbeat: 34
heartbeat: 35
heartbeat: 36
heartbeat: 37
heartbeat: 38
heartbeat: 39
heartbeat: 40
heartbeat: 41
heartbeat: 42
heartbeat: 43
heartbeat: 44
heartbeat: 45
heartbeat: 46
heartbeat: 47
heartbeat: 48
heartbeat: 49
heartbeat: 50
heartbeat: 51
heartbeat: 52
heartbeat: 53
heartbeat: 54
heartbeat: 55
heartbeat: 56
heartbeat: 57
heartbeat: 58
heartbeat: 59
heartbeat: 60
heartbeat: 61
heartbeat: 62
heartbeat: 63
heartbeat: 64
heartbeat: 65
heartbeat: 66
heartbeat: 67
heartbeat: 68
heartbeat: 69
heartbeat: 70
heartbeat: 71
heartbeat: 72
heartbeat: 73
heartbeat: 74
heartbeat: 75
heartbeat: 76
heartbeat: 77
heartbeat: 78
heartbeat: 79
heartbeat: 80
heartbeat: 81
heartbeat: 82
heartbeat: 83
heartbeat: 84
heartbeat: 85
heartbeat: 86
heartbeat: 87
heartbeat: 88
heartbeat: 89
heartbeat: 90
heartbeat: 91
heartbeat: 92
heartbeat: 93
heartbeat: 94
heartbeat: 95
heartbeat: 96
heartbeat: 97
heartbeat: 98
heartbeat: 99
heartbeat: 100
heartbeat: 101
heartbeat: 102
heartbeat: 103
heartbeat: 104
heartbeat: 105
heartbeat: 106
heartbeat: 107
heartbeat: 108
heartbeat: 109
heartbeat: 110
heartbeat: 111
heartbeat: 112
heartbeat: 113
heartbeat: 114
heartbeat: 115
heartbeat: 116
heartbeat: 117
heartbeat: 118
heartbeat: 119
heartbeat: 120
heartbeat: 121
heartbeat: 122
heartbeat: 123
heartbeat: 124
heartbeat: 125
heartbeat: 126
heartbeat: 127
heartbeat: 128
heartbeat: 129
heartbeat: 130
heartbeat: 131
heartbeat: 132
heartbeat: 133
heartbeat: 134
heartbeat: 135
heartbeat: 136
heartbeat: 137
heartbeat: 138
heartbeat: 139
heartbeat: 140
heartbeat: 141
heartbeat: 142
heartbeat: 143
heartbeat: 144
heartbeat: 145
heartbeat: 146
heartbeat: 147
heartbeat: 148
heartbeat: 149
heartbeat: 150
heartbeat: 151
heartbeat: 152
heartbeat: 153
heartbeat: 154
heartbeat: 155
heartbeat: 156
heartbeat: 157
heartbeat: 158
heartbeat: 159
heartbeat: 160
heartbeat: 161
heartbeat: 162
heartbeat: 163
heartbeat: 164
heartbeat: 165
heartbeat: 166
heartbeat: 167
heartbeat: 168
heartbeat: 169
heartbeat: 170
heartbeat: 171
heartbeat: 172
heartbeat: 173
heartbeat: 174
heartbeat: 175
heartbeat: 176
heartbeat: 177
heartbeat: 178
heartbeat: 179
heartbeat: 180
heartbeat: 181
heartbeat: 182
heartbeat: 183
heartbeat: 184
heartbeat: 185
heartbeat: 186
heartbeat: 187
heartbeat: 188
heartbeat: 189
heartbeat: 190
heartbeat: 191
heartbeat: 192
heartbeat: 193
heartbeat: 194
heartbeat: 195
heartbeat: 196
heartbeat: 197
heartbeat: 198
heartbeat: 199
heartbeat: 200
heartbeat: 201
heartbeat: 202
heartbeat: 203
heartbeat: 204
heartbeat: 205
heartbeat: 206
heartbeat: 207
heartbeat: 208
heartbeat: 209
heartbeat: 210
heartbeat: 211
heartbeat: 212
heartbeat: 213
heartbeat: 214
heartbeat: 215
heartbeat: 216
heartbeat: 217
heartbeat: 218
heartbeat: 219
heartbeat: 220
heartbeat: 221
heartbeat: 222
heartbeat: 223
heartbeat: 224
heartbeat: 225
heartbeat: 226
heartbeat: 227
heartbeat: 228
heartbeat: 229
heartbeat: 230
heartbeat: 231
heartbeat: 232
heartbeat: 233
heartbeat: 234
heartbeat: 235
heartbeat: 236
heartbeat: 237
heartbeat: 238
heartbeat: 239
heartbeat: 240
heartbeat: 241
heartbeat: 242
heartbeat: 243
heartbeat: 244
heartbeat: 245
heartbeat: 246
heartbeat: 247
heartbeat: 248
heartbeat: 249
heartbeat: 250
heartbeat: 251
heartbeat: 252
heartbeat: 253
heartbeat: 254
KEY0 pressed
heartbeat: 255
heartbeat: 256
heartbeat: 257
PanView P01 boot
heartbeat: 1
heartbeat: 2
heartbeat: 3
heartbeat: 4
heartbeat: 5
heartbeat: 6
heartbeat: 7
heartbeat: 8
heartbeat: 9
heartbeat: 10
heartbeat: 11
heartbeat: 12
heartbeat: 13
heartbeat: 14
heartbeat: 15
heartbeat: 16
heartbeat: 17
heartbeat: 18
heartbeat: 19
heartbeat: 20
heartbeat: 21
heartbeat: 22
heartbeat: 23
heartbeat: 24
heartbeat: 25
heartbeat: 26
heartbeat: 27
heartbeat: 28
heartbeat: 29
heartbeat: 30
heartbeat: 31
heartbeat: 32
heartbeat: 33
heartbeat: 34
heartbeat: 35
heartbeat: 36
heartbeat: 37
heartbeat: 38
heartbeat: 39
heartbeat: 40
heartbeat: 41
heartbeat: 42
heartbeat: 43
heartbeat: 44
heartbeat: 45
heartbeat: 46
heartbeat: 47
heartbeat: 48
heartbeat: 49
heartbeat: 50
heartbeat: 51
heartbeat: 52
heartbeat: 53
heartbeat: 54
heartbeat: 55
heartbeat: 56
heartbeat: 57
heartbeat: 58
heartbeat: 59
heartbeat: 60
heartbeat: 61
heartbeat: 62
heartbeat: 63
heartbeat: 64
heartbeat: 65
heartbeat: 66
heartbeat: 67
heartbeat: 68
heartbeat: 69
heartbeat: 70
heartbeat: 71
heartbeat: 72
heartbeat: 73
heartbeat: 74
heartbeat: 75
heartbeat: 76
heartbeat: 77
heartbeat: 78
heartbeat: 79
heartbeat: 80
heartbeat: 81
heartbeat: 82
heartbeat: 83
heartbeat: 84
heartbeat: 85
heartbeat: 86
heartbeat: 87
heartbeat: 88
heartbeat: 89
heartbeat: 90
heartbeat: 91
heartbeat: 92
heartbeat: 93
heartbeat: 94
heartbeat: 95
heartbeat: 96
heartbeat: 97
heartbeat: 98
heartbeat: 99
heartbeat: 100
heartbeat: 101
heartbeat: 102
heartbeat: 103
heartbeat: 104
heartbeat: 105
heartbeat: 106
heartbeat: 107
heartbeat: 108
heartbeat: 109
heartbeat: 110
heartbeat: 111
heartbeat: 112
heartbeat: 113
heartbeat: 114
heartbeat: 115
heartbeat: 116
heartbeat: 117
heartbeat: 118
heartbeat: 119
heartbeat: 120
heartbeat: 121
heartbeat: 122
heartbeat: 123
heartbeat: 124
heartbeat: 125
heartbeat: 126
heartbeat: 127
heartbeat: 128
heartbeat: 129
heartbeat: 130
heartbeat: 131
heartbeat: 132
heartbeat: 133
heartbeat: 134
heartbeat: 135
heartbeat: 136
heartbeat: 137
heartbeat: 138
heartbeat: 139
heartbeat: 140
heartbeat: 141
heartbeat: 142
heartbeat: 143
heartbeat: 144
heartbeat: 145
heartbeat: 146
heartbeat: 147
heartbeat: 148
heartbeat: 149
heartbeat: 150
heartbeat: 151
heartbeat: 152
heartbeat: 153
heartbeat: 154
heartbeat: 155
heartbeat: 156
heartbeat: 157
heartbeat: 158
heartbeat: 159
heartbeat: 160
heartbeat: 161
heartbeat: 162
heartbeat: 163
heartbeat: 164
heartbeat: 165
heartbeat: 166
heartbeat: 167
heartbeat: 168
heartbeat: 169
heartbeat: 170
heartbeat: 171
heartbeat: 172
heartbeat: 173
heartbeat: 174
heartbeat: 175
heartbeat: 176
heartbeat: 177
heartbeat: 178
heartbeat: 179
heartbeat: 180
heartbeat: 181
heartbeat: 182
heartbeat: 183
heartbeat: 184
heartbeat: 185
heartbeat: 186
heartbeat: 187
heartbeat: 188
heartbeat: 189
heartbeat: 190
heartbeat: 191
heartbeat: 192
heartbeat: 193
heartbeat: 194
heartbeat: 195
heartbeat: 196
heartbeat: 197
heartbeat: 198
heartbeat: 199
heartbeat: 200
heartbeat: 201
heartbeat: 202
heartbeat: 203
heartbeat: 204
heartbeat: 205
heartbeat: 206
heartbeat: 207
heartbeat: 208
heartbeat: 209
heartbeat: 210
heartbeat: 211
heartbeat: 212
heartbeat: 213
heartbeat: 214
heartbeat: 215
heartbeat: 216
heartbeat: 217
heartbeat: 218
heartbeat: 219
heartbeat: 220
heartbeat: 221
heartbeat: 222
heartbeat: 223
heartbeat: 224
heartbeat: 225
heartbeat: 226
heartbeat: 227
heartbeat: 228
heartbeat: 229
heartbeat: 230
heartbeat: 231
heartbeat: 232
heartbeat: 233
heartbeat: 234
heartbeat: 235
heartbeat: 236
heartbeat: 237
heartbeat: 238
heartbeat: 239
heartbeat: 240
heartbeat: 241
heartbeat: 242
heartbeat: 243
heartbeat: 244
heartbeat: 245
heartbeat: 246
heartbeat: 247
heartbeat: 248
heartbeat: 249
heartbeat: 250
heartbeat: 251
heartbeat: 252
heartbeat: 253
heartbeat: 254
heartbeat: 255
heartbeat: 256
heartbeat: 257
heartbeat: 258
heartbeat: 259
heartbeat: 260
heartbeat: 261
heartbeat: 262
heartbeat: 263
heartbeat: 264
heartbeat: 265
heartbeat: 266
heartbeat: 267
heartbeat: 268
heartbeat: 269
heartbeat: 270
heartbeat: 271
heartbeat: 272
heartbeat: 273
heartbeat: 274
heartbeat: 275
heartbeat: 276
heartbeat: 277
heartbeat: 278
heartbeat: 279
heartbeat: 280
heartbeat: 281
heartbeat: 282
heartbeat: 283
heartbeat: 284
heartbeat: 285
heartbeat: 286
heartbeat: 287
heartbeat: 288
heartbeat: 289
heartbeat: 290
heartbeat: 291
heartbeat: 292
heartbeat: 293
heartbeat: 294
heartbeat: 295
heartbeat: 296
heartbeat: 297
heartbeat: 298
heartbeat: 299
heartbeat: 300
heartbeat: 301
heartbeat: 302
heartbeat: 303
heartbeat: 304
heartbeat: 305
heartbeat: 306
heartbeat: 307
heartbeat: 308
heartbeat: 309
heartbeat: 310
heartbeat: 311
heartbeat: 312
heartbeat: 313
heartbeat: 314
heartbeat: 315
heartbeat: 316
heartbeat: 317
heartbeat: 318
heartbeat: 319
heartbeat: 320
heartbeat: 321
heartbeat: 322
heartbeat: 323
heartbeat: 324
heartbeat: 325
heartbeat: 326
heartbeat: 327
heartbeat: 328
heartbeat: 329
heartbeat: 330
heartbeat: 331
heartbeat: 332
heartbeat: 333
heartbeat: 334
heartbeat: 335
heartbeat: 336
heartbeat: 337
heartbeat: 338
heartbeat: 339
heartbeat: 340
heartbeat: 341
heartbeat: 342
heartbeat: 343
heartbeat: 344
heartbeat: 345
heartbeat: 346
heartbeat: 347
heartbeat: 348
heartbeat: 349
heartbeat: 350
heartbeat: 351
heartbeat: 352
heartbeat: 353
heartbeat: 354
heartbeat: 355
heartbeat: 356
heartbeat: 357
heartbeat: 358
heartbeat: 359
heartbeat: 360
heartbeat: 361
heartbeat: 362
heartbeat: 363
heartbeat: 364
heartbeat: 365
heartbeat: 366
heartbeat: 367
heartbeat: 368
heartbeat: 369
heartbeat: 370
heartbeat: 371
heartbeat: 372
heartbeat: 373
heartbeat: 374
heartbeat: 375
heartbeat: 376
heartbeat: 377
heartbeat: 378
heartbeat: 379
heartbeat: 380
heartbeat: 381
heartbeat: 382
heartbeat: 383
heartbeat: 384
heartbeat: 385
heartbeat: 386
heartbeat: 387
heartbeat: 388
heartbeat: 389
heartbeat: 390
heartbeat: 391
heartbeat: 392
heartbeat: 393
heartbeat: 394
heartbeat: 395
heartbeat: 396
heartbeat: 397
heartbeat: 398
heartbeat: 399
heartbeat: 400
heartbeat: 401
heartbeat: 402
heartbeat: 403
heartbeat: 404
heartbeat: 405
heartbeat: 406
heartbeat: 407
heartbeat: 408
heartbeat: 409
heartbeat: 410
heartbeat: 411
heartbeat: 412
heartbeat: 413
heartbeat: 414
heartbeat: 415
heartbeat: 416
heartbeat: 417
heartbeat: 418
heartbeat: 419
heartbeat: 420
heartbeat: 421
heartbeat: 422
heartbeat: 423
heartbeat: 424
heartbeat: 425
heartbeat: 426
heartbeat: 427
heartbeat: 428
heartbeat: 429
heartbeat: 430
heartbeat: 431
heartbeat: 432
heartbeat: 433
heartbeat: 434
heartbeat: 435
heartbeat: 436
heartbeat: 437
heartbeat: 438
heartbeat: 439
heartbeat: 440
heartbeat: 441
heartbeat: 442
heartbeat: 443
heartbeat: 444
heartbeat: 445
heartbeat: 446
heartbeat: 447
heartbeat: 448
heartbeat: 449
heartbeat: 450
heartbeat: 451
heartbeat: 452
heartbeat: 453
heartbeat: 454
heartbeat: 455
heartbeat: 456
heartbeat: 457
heartbeat: 458
heartbeat: 459
heartbeat: 460
heartbeat: 461
heartbeat: 462
heartbeat: 463
heartbeat: 464
heartbeat: 465
heartbeat: 466
heartbeat: 467
heartbeat: 468
heartbeat: 469
heartbeat: 470
heartbeat: 471
heartbeat: 472
heartbeat: 473
heartbeat: 474
heartbeat: 475
heartbeat: 476
heartbeat: 477
heartbeat: 478
heartbeat: 479
heartbeat: 480
heartbeat: 481
heartbeat: 482
heartbeat: 483
heartbeat: 484
heartbeat: 485
heartbeat: 486
heartbeat: 487
heartbeat: 488
heartbeat: 489
heartbeat: 490
heartbeat: 491
heartbeat: 492
heartbeat: 493
heartbeat: 494
heartbeat: 495
heartbeat: 496
heartbeat: 497
heartbeat: 498
heartbeat: 499
heartbeat: 500
heartbeat: 501
heartbeat: 502
heartbeat: 503
heartbeat: 504
heartbeat: 505
heartbeat: 506
heartbeat: 507
heartbeat: 508
heartbeat: 509
heartbeat: 510
heartbeat: 511
heartbeat: 512
heartbeat: 513
heartbeat: 514
heartbeat: 515
heartbeat: 516
heartbeat: 517
heartbeat: 518
heartbeat: 519
heartbeat: 520
heartbeat: 521
heartbeat: 522
heartbeat: 523
heartbeat: 524
heartbeat: 525
heartbeat: 526
heartbeat: 527
heartbeat: 528
heartbeat: 529
heartbeat: 530
heartbeat: 531
heartbeat: 532
heartbeat: 533
heartbeat: 534
heartbeat: 535
heartbeat: 536
heartbeat: 537
heartbeat: 538
heartbeat: 539
heartbeat: 540
heartbeat: 541
heartbeat: 542
heartbeat: 543
heartbeat: 544
heartbeat: 545
heartbeat: 546
heartbeat: 547
heartbeat: 548
heartbeat: 549
heartbeat: 550
heartbeat: 551
heartbeat: 552
heartbeat: 553
heartbeat: 554
heartbeat: 555
heartbeat: 556
heartbeat: 557
heartbeat: 558
heartbeat: 559
heartbeat: 560
heartbeat: 561
heartbeat: 562
heartbeat: 563
heartbeat: 564
heartbeat: 565
heartbeat: 566
heartbeat: 567
heartbeat: 568
heartbeat: 569
heartbeat: 570
heartbeat: 571
heartbeat: 572
heartbeat: 573
heartbeat: 574
heartbeat: 575
heartbeat: 576
heartbeat: 577
heartbeat: 578
heartbeat: 579
heartbeat: 580
heartbeat: 581
heartbeat: 582
heartbeat: 583
heartbeat: 584
heartbeat: 585
heartbeat: 586
heartbeat: 587
heartbeat: 588
heartbeat: 589
heartbeat: 590
heartbeat: 591
heartbeat: 592
heartbeat: 593
heartbeat: 594
heartbeat: 595
heartbeat: 596
heartbeat: 597
heartbeat: 598
heartbeat: 599
heartbeat: 600
heartbeat: 601
heartbeat: 602
heartbeat: 603
heartbeat: 604
heartbeat: 605
heartbeat: 606
heartbeat: 607
heartbeat: 608
heartbeat: 609
heartbeat: 610
heartbeat: 611
heartbeat: 612
heartbeat: 613
heartbeat: 614
heartbeat: 615
heartbeat: 616
heartbeat: 617
heartbeat: 618
heartbeat: 619
heartbeat: 620
heartbeat: 621
heartbeat: 622
heartbeat: 623
heartbeat: 624
heartbeat: 625
heartbeat: 626
heartbeat: 627
heartbeat: 628
heartbeat: 629
heartbeat: 630
heartbeat: 631
heartbeat: 632
heartbeat: 633
heartbeat: 634
heartbeat: 635
heartbeat: 636
heartbeat: 637
heartbeat: 638
heartbeat: 639
heartbeat: 640
heartbeat: 641
heartbeat: 642
heartbeat: 643
heartbeat: 644
heartbeat: 645
heartbeat: 646
heartbeat: 647
heartbeat: 648
heartbeat: 649
heartbeat: 650
heartbeat: 651
heartbeat: 652
heartbeat: 653
heartbeat: 654
heartbeat: 655
heartbeat: 656
heartbeat: 657
heartbeat: 658
heartbeat: 659
heartbeat: 660
heartbeat: 661
heartbeat: 662
heartbeat: 663
heartbeat: 664
heartbeat: 665
heartbeat: 666
heartbeat: 667
heartbeat: 668
heartbeat: 669
heartbeat: 670
heartbeat: 671
heartbeat: 672
heartbeat: 673
heartbeat: 674
heartbeat: 675
heartbeat: 676
heartbeat: 677
heartbeat: 678
heartbeat: 679
heartbeat: 680
heartbeat: 681
heartbeat: 682
heartbeat: 683
heartbeat: 684
heartbeat: 685
heartbeat: 686
heartbeat: 687
heartbeat: 688
heartbeat: 689
heartbeat: 690
heartbeat: 691
heartbeat: 692
heartbeat: 693
heartbeat: 694
heartbeat: 695
heartbeat: 696
heartbeat: 697
heartbeat: 698
heartbeat: 699
heartbeat: 700
heartbeat: 701
heartbeat: 702
heartbeat: 703
heartbeat: 704
heartbeat: 705
heartbeat: 706
heartbeat: 707
heartbeat: 708
heartbeat: 709
heartbeat: 710
heartbeat: 711
heartbeat: 712
heartbeat: 713
heartbeat: 714
heartbeat: 715
heartbeat: 716
heartbeat: 717
heartbeat: 718
heartbeat: 719
heartbeat: 720
heartbeat: 721
heartbeat: 722
heartbeat: 723
heartbeat: 724
heartbeat: 725
heartbeat: 726
heartbeat: 727
heartbeat: 728
heartbeat: 729
heartbeat: 730
heartbeat: 731
heartbeat: 732
heartbeat: 733
heartbeat: 734
heartbeat: 735
heartbeat: 736
heartbeat: 737
heartbeat: 738
heartbeat: 739
heartbeat: 740
heartbeat: 741
heartbeat: 742
heartbeat: 743
heartbeat: 744
heartbeat: 745
heartbeat: 746
heartbeat: 747
heartbeat: 748
heartbeat: 749
heartbeat: 750
heartbeat: 751
heartbeat: 752
heartbeat: 753
heartbeat: 754
heartbeat: 755
heartbeat: 756
heartbeat: 757
heartbeat: 758
heartbeat: 759
heartbeat: 760
heartbeat: 761
heartbeat: 762
heartbeat: 763
heartbeat: 764
heartbeat: 765
heartbeat: 766
heartbeat: 767
heartbeat: 768
heartbeat: 769
heartbeat: 770
heartbeat: 771
heartbeat: 772
heartbeat: 773
heartbeat: 774
heartbeat: 775
heartbeat: 776
heartbeat: 777
heartbeat: 778
heartbeat: 779
heartbeat: 780
heartbeat: 781
heartbeat: 782
heartbeat: 783
heartbeat: 784
heartbeat: 785
heartbeat: 786
heartbeat: 787
heartbeat: 788
heartbeat: 789
heartbeat: 790
heartbeat: 791
heartbeat: 792
heartbeat: 793
heartbeat: 794
heartbeat: 795
heartbeat: 796
heartbeat: 797
heartbeat: 798
heartbeat: 799
heartbeat: 800
heartbeat: 801
heartbeat: 802
heartbeat: 803
heartbeat: 804
heartbeat: 805
heartbeat: 806
heartbeat: 807
heartbeat: 808
heartbeat: 809
heartbeat: 810
heartbeat: 811
heartbeat: 812
heartbeat: 813
heartbeat: 814
heartbeat: 815
heartbeat: 816
heartbeat: 817
heartbeat: 818
heartbeat: 819
heartbeat: 820
heartbeat: 821
heartbeat: 822
heartbeat: 823
heartbeat: 824
heartbeat: 825
heartbeat: 826
heartbeat: 827
heartbeat: 828
heartbeat: 829
heartbeat: 830
heartbeat: 831
heartbeat: 832
heartbeat: 833
heartbeat: 834
heartbeat: 835
heartbeat: 836
heartbeat: 837
heartbeat: 838
heartbeat: 839
heartbeat: 840
heartbeat: 841
heartbeat: 842
heartbeat: 843
heartbeat: 844
heartbeat: 845
heartbeat: 846
heartbeat: 847
heartbeat: 848
heartbeat: 849
heartbeat: 850
heartbeat: 851
heartbeat: 852
heartbeat: 853
heartbeat: 854
heartbeat: 855
heartbeat: 856
heartbeat: 857
heartbeat: 858
heartbeat: 859
heartbeat: 860
heartbeat: 861
heartbeat: 862
heartbeat: 863
heartbeat: 864
heartbeat: 865
heartbeat: 866
heartbeat: 867
heartbeat: 868
heartbeat: 869
heartbeat: 870
heartbeat: 871
heartbeat: 872
heartbeat: 873
heartbeat: 874
heartbeat: 875
heartbeat: 876
heartbeat: 877
heartbeat: 878
heartbeat: 879
heartbeat: 880
heartbeat: 881
heartbeat: 882
heartbeat: 883
heartbeat: 884
heartbeat: 885
heartbeat: 886
heartbeat: 887
heartbeat: 888
heartbeat: 889
heartbeat: 890
heartbeat: 891
heartbeat: 892
heartbeat: 893
heartbeat: 894
heartbeat: 895
heartbeat: 896
heartbeat: 897
heartbeat: 898
heartbeat: 899
heartbeat: 900
heartbeat: 901
heartbeat: 902
heartbeat: 903
heartbeat: 904
heartbeat: 905
heartbeat: 906
heartbeat: 907
heartbeat: 908
heartbeat: 909
heartbeat: 910
heartbeat: 911
heartbeat: 912
heartbeat: 913
heartbeat: 914
heartbeat: 915
heartbeat: 916
heartbeat: 917
heartbeat: 918
heartbeat: 919
heartbeat: 920
heartbeat: 921
heartbeat: 922
heartbeat: 923
heartbeat: 924
heartbeat: 925
heartbeat: 926
heartbeat: 927
heartbeat: 928
heartbeat: 929
heartbeat: 930
heartbeat: 931
heartbeat: 932
heartbeat: 933
heartbeat: 934
heartbeat: 935
heartbeat: 936
heartbeat: 937
heartbeat: 938
heartbeat: 939
heartbeat: 940
heartbeat: 941
heartbeat: 942
heartbeat: 943
heartbeat: 944
heartbeat: 945
heartbeat: 946
heartbeat: 947
heartbeat: 948
heartbeat: 949
heartbeat: 950
heartbeat: 951
heartbeat: 952
heartbeat: 953
heartbeat: 954
heartbeat: 955
heartbeat: 956
heartbeat: 957
heartbeat: 958
heartbeat: 959
heartbeat: 960
heartbeat: 961
heartbeat: 962
heartbeat: 963
heartbeat: 964
heartbeat: 965
heartbeat: 966
heartbeat: 967
heartbeat: 968
heartbeat: 969
heartbeat: 970
heartbeat: 971
heartbeat: 972
heartbeat: 973
heartbeat: 974
heartbeat: 975
heartbeat: 976
heartbeat: 977
heartbeat: 978
heartbeat: 979
heartbeat: 980
heartbeat: 981
heartbeat: 982
heartbeat: 983
heartbeat: 984
heartbeat: 985
heartbeat: 986
heartbeat: 987
heartbeat: 988
heartbeat: 989
heartbeat: 990
heartbeat: 991
heartbeat: 992
heartbeat: 993
heartbeat: 994
heartbeat: 995
heartbeat: 996
heartbeat: 997
heartbeat: 998
heartbeat: 999
heartbeat: 1000
heartbeat: 1001
heartbeat: 1002
heartbeat: 1003
heartbeat: 1004
heartbeat: 1005
heartbeat: 1006
heartbeat: 1007
heartbeat: 1008
heartbeat: 1009
heartbeat: 1010
heartbeat: 1011
heartbeat: 1012
heartbeat: 1013
heartbeat: 1014
heartbeat: 1015
heartbeat: 1016
heartbeat: 1017
heartbeat: 1018
heartbeat: 1019
heartbeat: 1020
heartbeat: 1021
heartbeat: 1022
heartbeat: 1023
heartbeat: 1024
heartbeat: 1025
heartbeat: 1026
heartbeat: 1027
heartbeat: 1028
heartbeat: 1029
heartbeat: 1030
heartbeat: 1031
heartbeat: 1032
heartbeat: 1033
heartbeat: 1034
heartbeat: 1035
heartbeat: 1036
heartbeat: 1037
heartbeat: 1038
heartbeat: 1039
heartbeat: 1040
heartbeat: 1041
heartbeat: 1042
heartbeat: 1043
heartbeat: 1044
heartbeat: 1045
heartbeat: 1046
heartbeat: 1047
heartbeat: 1048
heartbeat: 1049
heartbeat: 1050
heartbeat: 1051
heartbeat: 1052
heartbeat: 1053
heartbeat: 1054
heartbeat: 1055
heartbeat: 1056
heartbeat: 1057
heartbeat: 1058
heartbeat: 1059
heartbeat: 1060
heartbeat: 1061
heartbeat: 1062
heartbeat: 1063
heartbeat: 1064
heartbeat: 1065
heartbeat: 1066
heartbeat: 1067
heartbeat: 1068
heartbeat: 1069
heartbeat: 1070
heartbeat: 1071
heartbeat: 1072
heartbeat: 1073
heartbeat: 1074
heartbeat: 1075
heartbeat: 1076
heartbeat: 1077
heartbeat: 1078
heartbeat: 1079
heartbeat: 1080
heartbeat: 1081
heartbeat: 1082
heartbeat: 1083
heartbeat: 1084
heartbeat: 1085
heartbeat: 1086
heartbeat: 1087
heartbeat: 1088
heartbeat: 1089
heartbeat: 1090
heartbeat: 1091
heartbeat: 1092
heartbeat: 1093
heartbeat: 1094
heartbeat: 1095
heartbeat: 1096
heartbeat: 1097
heartbeat: 1098
heartbeat: 1099
heartbeat: 1100
heartbeat: 1101
heartbeat: 1102
heartbeat: 1103
heartbeat: 1104
heartbeat: 1105
heartbeat: 1106
heartbeat: 1107
heartbeat: 1108
heartbeat: 1109
heartbeat: 1110
heartbeat: 1111
heartbeat: 1112
heartbeat: 1113
heartbeat: 1114
heartbeat: 1115
heartbeat: 1116
heartbeat: 1117
heartbeat: 1118
heartbeat: 1119
heartbeat: 1120
heartbeat: 1121
heartbeat: 1122
heartbeat: 1123
heartbeat: 1124
heartbeat: 1125
heartbeat: 1126
heartbeat: 1127
heartbeat: 1128
heartbeat: 1129
heartbeat: 1130
heartbeat: 1131
heartbeat: 1132
heartbeat: 1133
heartbeat: 1134
heartbeat: 1135
heartbeat: 1136
heartbeat: 1137
heartbeat: 1138
heartbeat: 1139
heartbeat: 1140
heartbeat: 1141
heartbeat: 1142
heartbeat: 1143
heartbeat: 1144
heartbeat: 1145
heartbeat: 1146
heartbeat: 1147
heartbeat: 1148
heartbeat: 1149
heartbeat: 1150
heartbeat: 1151
heartbeat: 1152
heartbeat: 1153
heartbeat: 1154
heartbeat: 1155
heartbeat: 1156
heartbeat: 1157
heartbeat: 1158
heartbeat: 1159
heartbeat: 1160
heartbeat: 1161
heartbeat: 1162
heartbeat: 1163
heartbeat: 1164
heartbeat: 1165
heartbeat: 1166
heartbeat: 1167
heartbeat: 1168
heartbeat: 1169
heartbeat: 1170
heartbeat: 1171
heartbeat: 1172
heartbeat: 1173
heartbeat: 1174
heartbeat: 1175
heartbeat: 1176
heartbeat: 1177
heartbeat: 1178
heartbeat: 1179
heartbeat: 1180
heartbeat: 1181
heartbeat: 1182
heartbeat: 1183
heartbeat: 1184
heartbeat: 1185
heartbeat: 1186
heartbeat: 1187
heartbeat: 1188
heartbeat: 1189
heartbeat: 1190
heartbeat: 1191
heartbeat: 1192
heartbeat: 1193
heartbeat: 1194
heartbeat: 1195
heartbeat: 1196
heartbeat: 1197
heartbeat: 1198
heartbeat: 1199
heartbeat: 1200
heartbeat: 1201
heartbeat: 1202
heartbeat: 1203
heartbeat: 1204
heartbeat: 1205
heartbeat: 1206
heartbeat: 1207
heartbeat: 1208
heartbeat: 1209
heartbeat: 1210
heartbeat: 1211
heartbeat: 1212
heartbeat: 1213
heartbeat: 1214
heartbeat: 1215
heartbeat: 1216
heartbeat: 1217
heartbeat: 1218
heartbeat: 1219
heartbeat: 1220
heartbeat: 1221
heartbeat: 1222
heartbeat: 1223
heartbeat: 1224
heartbeat: 1225
heartbeat: 1226
heartbeat: 1227
heartbeat: 1228
heartbeat: 1229
heartbeat: 1230
heartbeat: 1231
heartbeat: 1232
heartbeat: 1233
heartbeat: 1234
heartbeat: 1235
heartbeat: 1236
heartbeat: 1237
heartbeat: 1238
heartbeat: 1239
heartbeat: 1240
heartbeat: 1241
heartbeat: 1242
heartbeat: 1243
heartbeat: 1244
heartbeat: 1245
heartbeat: 1246
heartbeat: 1247
heartbeat: 1248
heartbeat: 1249
heartbeat: 1250
heartbeat: 1251
heartbeat: 1252
heartbeat: 1253
heartbeat: 1254
heartbeat: 1255
heartbeat: 1256
heartbeat: 1257
heartbeat: 1258
heartbeat: 1259
heartbeat: 1260
heartbeat: 1261
heartbeat: 1262
heartbeat: 1263
heartbeat: 1264
heartbeat: 1265
heartbeat: 1266
heartbeat: 1267
heartbeat: 1268
heartbeat: 1269
heartbeat: 1270
heartbeat: 1271
heartbeat: 1272
heartbeat: 1273
heartbeat: 1274
heartbeat: 1275
heartbeat: 1276
heartbeat: 1277
heartbeat: 1278
heartbeat: 1279
heartbeat: 1280
heartbeat: 1281
heartbeat: 1282
heartbeat: 1283
heartbeat: 1284
heartbeat: 1285
heartbeat: 1286
heartbeat: 1287
heartbeat: 1288
heartbeat: 1289
heartbeat: 1290
heartbeat: 1291
heartbeat: 1292
heartbeat: 1293
heartbeat: 1294
heartbeat: 1295
heartbeat: 1296
heartbeat: 1297
heartbeat: 1298
heartbeat: 1299
heartbeat: 1300
heartbeat: 1301
heartbeat: 1302
heartbeat: 1303
heartbeat: 1304
heartbeat: 1305
heartbeat: 1306
heartbeat: 1307
heartbeat: 1308
heartbeat: 1309
heartbeat: 1310
heartbeat: 1311
heartbeat: 1312
heartbeat: 1313
heartbeat: 1314
heartbeat: 1315
heartbeat: 1316
heartbeat: 1317
heartbeat: 1318
heartbeat: 1319
heartbeat: 1320
heartbeat: 1321
heartbeat: 1322
heartbeat: 1323
heartbeat: 1324
heartbeat: 1325
heartbeat: 1326
heartbeat: 1327
heartbeat: 1328
heartbeat: 1329
heartbeat: 1330
heartbeat: 1331
heartbeat: 1332
heartbeat: 1333
heartbeat: 1334
heartbeat: 1335
heartbeat: 1336
heartbeat: 1337
heartbeat: 1338
heartbeat: 1339
heartbeat: 1340
heartbeat: 1341
heartbeat: 1342
heartbeat: 1343
heartbeat: 1344
heartbeat: 1345
heartbeat: 1346
heartbeat: 1347
heartbeat: 1348
heartbeat: 1349
heartbeat: 1350
heartbeat: 1351
heartbeat: 1352
heartbeat: 1353
heartbeat: 1354
heartbeat: 1355
heartbeat: 1356
heartbeat: 1357
heartbeat: 1358
heartbeat: 1359
heartbeat: 1360
heartbeat: 1361
heartbeat: 1362
heartbeat: 1363
heartbeat: 1364
heartbeat: 1365
heartbeat: 1366
heartbeat: 1367
heartbeat: 1368
heartbeat: 1369
heartbeat: 1370
heartbeat: 1371
heartbeat: 1372
heartbeat: 1373
heartbeat: 1374
heartbeat: 1375
heartbeat: 1376
heartbeat: 1377
heartbeat: 1378
heartbeat: 1379
heartbeat: 1380
heartbeat: 1381
heartbeat: 1382
heartbeat: 1383
heartbeat: 1384
heartbeat: 1385
heartbeat: 1386
heartbeat: 1387
heartbeat: 1388
heartbeat: 1389
heartbeat: 1390
heartbeat: 1391
heartbeat: 1392
heartbeat: 1393
heartbeat: 1394
heartbeat: 1395
heartbeat: 1396
heartbeat: 1397
heartbeat: 1398
heartbeat: 1399
heartbeat: 1400
heartbeat: 1401
heartbeat: 1402
heartbeat: 1403
heartbeat: 1404
heartbeat: 1405
heartbeat: 1406
heartbeat: 1407
heartbeat: 1408
heartbeat: 1409
heartbeat: 1410
heartbeat: 1411
heartbeat: 1412
heartbeat: 1413
heartbeat: 1414
heartbeat: 1415
heartbeat: 1416
heartbeat: 1417
heartbeat: 1418
heartbeat: 1419
heartbeat: 1420
heartbeat: 1421
heartbeat: 1422
heartbeat: 1423
heartbeat: 1424
heartbeat: 1425
heartbeat: 1426
heartbeat: 1427
heartbeat: 1428
heartbeat: 1429
heartbeat: 1430
heartbeat: 1431
heartbeat: 1432
heartbeat: 1433
heartbeat: 1434
heartbeat: 1435
heartbeat: 1436
heartbeat: 1437
heartbeat: 1438
heartbeat: 1439
heartbeat: 1440
heartbeat: 1441
heartbeat: 1442
heartbeat: 1443
heartbeat: 1444
heartbeat: 1445
heartbeat: 1446
heartbeat: 1447
heartbeat: 1448
heartbeat: 1449
heartbeat: 1450
heartbeat: 1451
heartbeat: 1452
heartbeat: 1453
heartbeat: 1454
heartbeat: 1455
heartbeat: 1456
heartbeat: 1457
heartbeat: 1458
heartbeat: 1459
heartbeat: 1460
heartbeat: 1461
heartbeat: 1462
heartbeat: 1463
heartbeat: 1464
heartbeat: 1465
heartbeat: 1466
heartbeat: 1467
heartbeat: 1468
heartbeat: 1469
heartbeat: 1470
heartbeat: 1471
heartbeat: 1472
heartbeat: 1473
heartbeat: 1474
heartbeat: 1475
heartbeat: 1476
heartbeat: 1477
heartbeat: 1478
heartbeat: 1479
heartbeat: 1480
heartbeat: 1481
heartbeat: 1482
heartbeat: 1483
heartbeat: 1484
heartbeat: 1485
heartbeat: 1486
heartbeat: 1487
heartbeat: 1488
heartbeat: 1489
heartbeat: 1490
heartbeat: 1491
heartbeat: 1492
heartbeat: 1493
heartbeat: 1494
heartbeat: 1495
heartbeat: 1496
heartbeat: 1497
heartbeat: 1498
heartbeat: 1499
heartbeat: 1500
heartbeat: 1501
heartbeat: 1502
heartbeat: 1503
heartbeat: 1504
heartbeat: 1505
heartbeat: 1506
heartbeat: 1507
heartbeat: 1508
heartbeat: 1509
heartbeat: 1510
heartbeat: 1511
heartbeat: 1512
heartbeat: 1513
heartbeat: 1514
heartbeat: 1515
heartbeat: 1516
heartbeat: 1517
heartbeat: 1518
heartbeat: 1519
heartbeat: 1520
heartbeat: 1521
heartbeat: 1522
heartbeat: 1523
heartbeat: 1524
heartbeat: 1525
heartbeat: 1526
heartbeat: 1527
heartbeat: 1528
heartbeat: 1529
heartbeat: 1530
heartbeat: 1531
heartbeat: 1532
heartbeat: 1533
heartbeat: 1534
heartbeat: 1535
heartbeat: 1536
heartbeat: 1537
heartbeat: 1538
heartbeat: 1539
heartbeat: 1540
heartbeat: 1541
heartbeat: 1542
heartbeat: 1543
heartbeat: 1544
heartbeat: 1545
heartbeat: 1546
heartbeat: 1547
heartbeat: 1548
heartbeat: 1549
heartbeat: 1550
heartbeat: 1551
heartbeat: 1552
heartbeat: 1553
heartbeat: 1554
heartbeat: 1555
heartbeat: 1556
heartbeat: 1557
heartbeat: 1558
heartbeat: 1559
heartbeat: 1560
heartbeat: 1561
heartbeat: 1562
heartbeat: 1563
heartbeat: 1564
heartbeat: 1565
heartbeat: 1566
heartbeat: 1567
heartbeat: 1568
heartbeat: 1569
heartbeat: 1570
heartbeat: 1571
heartbeat: 1572
heartbeat: 1573
heartbeat: 1574
heartbeat: 1575
heartbeat: 1576
heartbeat: 1577
heartbeat: 1578
heartbeat: 1579
heartbeat: 1580
heartbeat: 1581
heartbeat: 1582
heartbeat: 1583
heartbeat: 1584
heartbeat: 1585
heartbeat: 1586
heartbeat: 1587
heartbeat: 1588
heartbeat: 1589
heartbeat: 1590
heartbeat: 1591
heartbeat: 1592
heartbeat: 1593
heartbeat: 1594
heartbeat: 1595
heartbeat: 1596
heartbeat: 1597
heartbeat: 1598
heartbeat: 1599
heartbeat: 1600
heartbeat: 1601
heartbeat: 1602
heartbeat: 1603
heartbeat: 1604
heartbeat: 1605
heartbeat: 1606
heartbeat: 1607
heartbeat: 1608
heartbeat: 1609
heartbeat: 1610
heartbeat: 1611
heartbeat: 1612
heartbeat: 1613
heartbeat: 1614
heartbeat: 1615
heartbeat: 1616
heartbeat: 1617
heartbeat: 1618
heartbeat: 1619
heartbeat: 1620
heartbeat: 1621
heartbeat: 1622
heartbeat: 1623
heartbeat: 1624
heartbeat: 1625
heartbeat: 1626
heartbeat: 1627
heartbeat: 1628
heartbeat: 1629
heartbeat: 1630
heartbeat: 1631
heartbeat: 1632
heartbeat: 1633
heartbeat: 1634
heartbeat: 1635
heartbeat: 1636
heartbeat: 1637
heartbeat: 1638
heartbeat: 1639
heartbeat: 1640
heartbeat: 1641
heartbeat: 1642
heartbeat: 1643
heartbeat: 1644
heartbeat: 1645
heartbeat: 1646
heartbeat: 1647
heartbeat: 1648
heartbeat: 1649
heartbeat: 1650
heartbeat: 1651
heartbeat: 1652
heartbeat: 1653
heartbeat: 1654
heartbeat: 1655
heartbeat: 1656
heartbeat: 1657
heartbeat: 1658
heartbeat: 1659
heartbeat: 1660
heartbeat: 1661
heartbeat: 1662
heartbeat: 1663
heartbeat: 1664
heartbeat: 1665
heartbeat: 1666
heartbeat: 1667
heartbeat: 1668
heartbeat: 1669
heartbeat: 1670
heartbeat: 1671
heartbeat: 1672
heartbeat: 1673
heartbeat: 1674
heartbeat: 1675
heartbeat: 1676
heartbeat: 1677
heartbeat: 1678
heartbeat: 1679
heartbeat: 1680
heartbeat: 1681
heartbeat: 1682
heartbeat: 1683
heartbeat: 1684
heartbeat: 1685
heartbeat: 1686
heartbeat: 1687
heartbeat: 1688
heartbeat: 1689
heartbeat: 1690
heartbeat: 1691
heartbeat: 1692
heartbeat: 1693
heartbeat: 1694
heartbeat: 1695
heartbeat: 1696
heartbeat: 1697
heartbeat: 1698
heartbeat: 1699
heartbeat: 1700
heartbeat: 1701
heartbeat: 1702
heartbeat: 1703
heartbeat: 1704
heartbeat: 1705
heartbeat: 1706
heartbeat: 1707
heartbeat: 1708
heartbeat: 1709
heartbeat: 1710
heartbeat: 1711
heartbeat: 1712
heartbeat: 1713
heartbeat: 1714
heartbeat: 1715
heartbeat: 1716
heartbeat: 1717
heartbeat: 1718
heartbeat: 1719
heartbeat: 1720
heartbeat: 1721
heartbeat: 1722
heartbeat: 1723
heartbeat: 1724
heartbeat: 1725
heartbeat: 1726
heartbeat: 1727
heartbeat: 1728
heartbeat: 1729
heartbeat: 1730
heartbeat: 1731
heartbeat: 1732
heartbeat: 1733
heartbeat: 1734
heartbeat: 1735
heartbeat: 1736
heartbeat: 1737
heartbeat: 1738
heartbeat: 1739
heartbeat: 1740
heartbeat: 1741
heartbeat: 1742
heartbeat: 1743
heartbeat: 1744
heartbeat: 1745
heartbeat: 1746
heartbeat: 1747
PanView P01 boot
PanView P01 boot
heartbeat: 1
heartbeat: 2
heartbeat: 3
heartbeat: 4
heartbeat: 5
heartbeat: 6
heartbeat: 7
heartbeat: 8
heartbeat: 9
heartbeat: 10
heartbeat: 11
heartbeat: 12
heartbeat: 13
heartbeat: 14
heartbeat: 15
heartbeat: 16
heartbeat: 17
heartbeat: 18
heartbeat: 19
heartbeat: 20
heartbeat: 21
heartbeat: 22
heartbeat: 23
heartbeat: 24
heartbeat: 25
heartbeat: 26
heartbeat: 27
heartbeat: 28
heartbeat: 29
heartbeat: 30
heartbeat: 31
heartbeat: 32
heartbeat: 33
heartbeat: 34
heartbeat: 35
heartbeat: 36
heartbeat: 37
heartbeat: 38
heartbeat: 39
heartbeat: 40
heartbeat: 41
heartbeat: 42
heartbeat: 43
heartbeat: 44
heartbeat: 45
heartbeat: 46
heartbeat: 47
heartbeat: 48
heartbeat: 49
heartbeat: 50
heartbeat: 51
heartbeat: 52
heartbeat: 53
heartbeat: 54
heartbeat: 55
heartbeat: 56
heartbeat: 57
heartbeat: 58
heartbeat: 59
heartbeat: 60
heartbeat: 61
heartbeat: 62
heartbeat: 63
heartbeat: 64
heartbeat: 65
heartbeat: 66
heartbeat: 67
heartbeat: 68
heartbeat: 69
heartbeat: 70
heartbeat: 71
heartbeat: 72
heartbeat: 73
heartbeat: 74
heartbeat: 75
heartbeat: 76
heartbeat: 77
heartbeat: 78
heartbeat: 79
heartbeat: 80
heartbeat: 81
heartbeat: 82
heartbeat: 83
heartbeat: 84
heartbeat: 85
heartbeat: 86
heartbeat: 87
heartbeat: 88
heartbeat: 89
heartbeat: 90
heartbeat: 91
heartbeat: 92
heartbeat: 93
heartbeat: 94
heartbeat: 95
heartbeat: 96
heartbeat: 97
heartbeat: 98
heartbeat: 99
heartbeat: 100
heartbeat: 101
heartbeat: 102
heartbeat: 103
heartbeat: 104
heartbeat: 105
heartbeat: 106
heartbeat: 107
heartbeat: 108
heartbeat: 109
heartbeat: 110
heartbeat: 111
heartbeat: 112
heartbeat: 113
heartbeat: 114
heartbeat: 115
heartbeat: 116
heartbeat: 117
heartbeat: 118
heartbeat: 119
heartbeat: 120
heartbeat: 121
heartbeat: 122
heartbeat: 123
heartbeat: 124
heartbeat: 125
heartbeat: 126
heartbeat: 127
heartbeat: 128
heartbeat: 129
heartbeat: 130
heartbeat: 131
heartbeat: 132
heartbeat: 133
heartbeat: 134
heartbeat: 135
heartbeat: 136
heartbeat: 137
heartbeat: 138
heartbeat: 139
heartbeat: 140
heartbeat: 141
heartbeat: 142
heartbeat: 143
heartbeat: 144
heartbeat: 145
heartbeat: 146
heartbeat: 147
heartbeat: 148
heartbeat: 149
heartbeat: 150
heartbeat: 151
heartbeat: 152
heartbeat: 153
heartbeat: 154
heartbeat: 155
heartbeat: 156
heartbeat: 157
heartbeat: 158
heartbeat: 159
heartbeat: 160
heartbeat: 161
heartbeat: 162
heartbeat: 163
heartbeat: 164
heartbeat: 165
heartbeat: 166
heartbeat: 167
heartbeat: 168
heartbeat: 169
heartbeat: 170
heartbeat: 171
heartbeat: 172
heartbeat: 173
heartbeat: 174
heartbeat: 175
heartbeat: 176
heartbeat: 177
heartbeat: 178
heartbeat: 179
heartbeat: 180
heartbeat: 181
heartbeat: 182
heartbeat: 183
heartbeat: 184
heartbeat: 185
heartbeat: 186
heartbeat: 187
heartbeat: 188
heartbeat: 189
heartbeat: 190
heartbeat: 191
heartbeat: 192
heartbeat: 193
heartbeat: 194
heartbeat: 195
heartbeat: 196
heartbeat: 197
heartbeat: 198
heartbeat: 199
heartbeat: 200
heartbeat: 201
heartbeat: 202
heartbeat: 203
heartbeat: 204
heartbeat: 205
heartbeat: 206
heartbeat: 207
heartbeat: 208
heartbeat: 209
heartbeat: 210
heartbeat: 211
heartbeat: 212
heartbeat: 213
heartbeat: 214
heartbeat: 215
heartbeat: 216
heartbeat: 217
heartbeat: 218
heartbeat: 219
heartbeat: 220
heartbeat: 221
heartbeat: 222
heartbeat: 223
heartbeat: 224
heartbeat: 225
heartbeat: 226
heartbeat: 227
heartbeat: 228
heartbeat: 229
heartbeat: 230
heartbeat: 231
heartbeat: 232
heartbeat: 233
heartbeat: 234
heartbeat: 235
heartbeat: 236
heartbeat: 237
heartbeat: 238
heartbeat: 239
heartbeat: 240
heartbeat: 241
heartbeat: 242
heartbeat: 243
heartbeat: 244
heartbeat: 245
heartbeat: 246
heartbeat: 247
heartbeat: 248
heartbeat: 249
heartbeat: 250
heartbeat: 251
heartbeat: 252
heartbeat: 253
heartbeat: 254
heartbeat: 255
heartbeat: 256
heartbeat: 257
heartbeat: 258
heartbeat: 259
heartbeat: 260
heartbeat: 261
heartbeat: 262
heartbeat: 263
heartbeat: 264
heartbeat: 265
heartbeat: 266
heartbeat: 267
heartbeat: 268
heartbeat: 269
heartbeat: 270
heartbeat: 271
heartbeat: 272
heartbeat: 273
heartbeat: 274
heartbeat: 275
heartbeat: 276
heartbeat: 277
heartbeat: 278
heartbeat: 279
heartbeat: 280
heartbeat: 281
heartbeat: 282
heartbeat: 283
heartbeat: 284
heartbeat: 285
heartbeat: 286
heartbeat: 287
heartbeat: 288
heartbeat: 289
heartbeat: 290
heartbeat: 291
heartbeat: 292
heartbeat: 293
heartbeat: 294
heartbeat: 295
heartbeat: 296
heartbeat: 297
heartbeat: 298
heartbeat: 299
heartbeat: 300
heartbeat: 301
heartbeat: 302
heartbeat: 303
heartbeat: 304
heartbeat: 305
heartbeat: 306
heartbeat: 307
heartbeat: 308
heartbeat: 309
heartbeat: 310
heartbeat: 311
heartbeat: 312
heartbeat: 313
heartbeat: 314
heartbeat: 315
heartbeat: 316
heartbeat: 317
heartbeat: 318
heartbeat: 319
heartbeat: 320
heartbeat: 321
heartbeat: 322
heartbeat: 323
heartbeat: 324
heartbeat: 325
heartbeat: 326
heartbeat: 327
heartbeat: 328
heartbeat: 329
heartbeat: 330
heartbeat: 331
heartbeat: 332
heartbeat: 333
heartbeat: 334
heartbeat: 335
heartbeat: 336
heartbeat: 337
heartbeat: 338
heartbeat: 339
heartbeat: 340
heartbeat: 341
heartbeat: 342
heartbeat: 343
heartbeat: 344
heartbeat: 345
heartbeat: 346
heartbeat: 347
heartbeat: 348
heartbeat: 349
heartbeat: 350
heartbeat: 351
heartbeat: 352
heartbeat: 353
heartbeat: 354
heartbeat: 355
heartbeat: 356
heartbeat: 357
heartbeat: 358
heartbeat: 359
heartbeat: 360
heartbeat: 361
heartbeat: 362
heartbeat: 363
heartbeat: 364
heartbeat: 365
heartbeat: 366
heartbeat: 367
heartbeat: 368
heartbeat: 369
heartbeat: 370
heartbeat: 371
heartbeat: 372
heartbeat: 373
heartbeat: 374
heartbeat: 375
heartbeat: 376
heartbeat: 377
heartbeat: 378
heartbeat: 379
heartbeat: 380
heartbeat: 381
heartbeat: 382
heartbeat: 383
heartbeat: 384
heartbeat: 385
heartbeat: 386
heartbeat: 387
heartbeat: 388
heartbeat: 389
heartbeat: 390
heartbeat: 391
heartbeat: 392
heartbeat: 393
heartbeat: 394
heartbeat: 395
heartbeat: 396
heartbeat: 397
heartbeat: 398
heartbeat: 399
heartbeat: 400
heartbeat: 401
heartbeat: 402
heartbeat: 403
heartbeat: 404
heartbeat: 405
heartbeat: 406
heartbeat: 407
heartbeat: 408
heartbeat: 409
heartbeat: 410
heartbeat: 411
heartbeat: 412
heartbeat: 413
heartbeat: 414
heartbeat: 415
heartbeat: 416
heartbeat: 417
heartbeat: 418
heartbeat: 419
heartbeat: 420
heartbeat: 421
heartbeat: 422
heartbeat: 423
heartbeat: 424
heartbeat: 425
heartbeat: 426
heartbeat: 427
heartbeat: 428
heartbeat: 429
heartbeat: 430
heartbeat: 431
heartbeat: 432
heartbeat: 433
heartbeat: 434
heartbeat: 435
heartbeat: 436
heartbeat: 437
heartbeat: 438
heartbeat: 439
heartbeat: 440
heartbeat: 441
heartbeat: 442
heartbeat: 443
heartbeat: 444
heartbeat: 445
heartbeat: 446
heartbeat: 447
heartbeat: 448
heartbeat: 449
heartbeat: 450
heartbeat: 451
heartbeat: 452
heartbeat: 453
heartbeat: 454
heartbeat: 455
heartbeat: 456
heartbeat: 457
heartbeat: 458
heartbeat: 459
heartbeat: 460
heartbeat: 461
heartbeat: 462
heartbeat: 463
heartbeat: 464
heartbeat: 465
heartbeat: 466
heartbeat: 467
heartbeat: 468
heartbeat: 469
heartbeat: 470
heartbeat: 471
heartbeat: 472
heartbeat: 473
heartbeat: 474
heartbeat: 475
heartbeat: 476
heartbeat: 477
heartbeat: 478
heartbeat: 479
heartbeat: 480
heartbeat: 481
heartbeat: 482
heartbeat: 483
heartbeat: 484
heartbeat: 485
heartbeat: 486
heartbeat: 487
heartbeat: 488
heartbeat: 489
heartbeat: 490
heartbeat: 491
heartbeat: 492
heartbeat: 493
heartbeat: 494
heartbeat: 495
heartbeat: 496
heartbeat: 497
heartbeat: 498
heartbeat: 499
heartbeat: 500
heartbeat: 501
heartbeat: 502
heartbeat: 503
heartbeat: 504
heartbeat: 505
heartbeat: 506
heartbeat: 507
heartbeat: 508
heartbeat: 509
heartbeat: 510
heartbeat: 511
heartbeat: 512
heartbeat: 513
heartbeat: 514
heartbeat: 515
heartbeat: 516
heartbeat: 517
heartbeat: 518
heartbeat: 519
heartbeat: 520
heartbeat: 521
heartbeat: 522
heartbeat: 523
heartbeat: 524
heartbeat: 525
heartbeat: 526
heartbeat: 527
heartbeat: 528
heartbeat: 529
heartbeat: 530
heartbeat: 531
heartbeat: 532
heartbeat: 533
heartbeat: 534
heartbeat: 535
heartbeat: 536
heartbeat: 537
heartbeat: 538
heartbeat: 539
heartbeat: 540
heartbeat: 541
heartbeat: 542
heartbeat: 543
heartbeat: 544
heartbeat: 545
heartbeat: 546
heartbeat: 547
heartbeat: 548
heartbeat: 549
heartbeat: 550
heartbeat: 551
heartbeat: 552
heartbeat: 553
heartbeat: 554
heartbeat: 555
heartbeat: 556
heartbeat: 557
heartbeat: 558
heartbeat: 559
heartbeat: 560
heartbeat: 561
heartbeat: 562
heartbeat: 563
heartbeat: 564
heartbeat: 565
heartbeat: 566
heartbeat: 567
heartbeat: 568
heartbeat: 569
heartbeat: 570
heartbeat: 571
heartbeat: 572
heartbeat: 573
heartbeat: 574
heartbeat: 575
heartbeat: 576
heartbeat: 577
heartbeat: 578
heartbeat: 579
heartbeat: 580
heartbeat: 581
heartbeat: 582
heartbeat: 583
heartbeat: 584
heartbeat: 585
heartbeat: 586
heartbeat: 587
heartbeat: 588
heartbeat: 589
heartbeat: 590
heartbeat: 591
heartbeat: 592
heartbeat: 593
heartbeat: 594
heartbeat: 595
heartbeat: 596
heartbeat: 597
heartbeat: 598
heartbeat: 599
heartbeat: 600
heartbeat: 601
heartbeat: 602
heartbeat: 603
heartbeat: 604
heartbeat: 605
heartbeat: 606
heartbeat: 607
heartbeat: 608
heartbeat: 609
heartbeat: 610
heartbeat: 611
heartbeat: 612
heartbeat: 613
heartbeat: 614
heartbeat: 615
heartbeat: 616
heartbeat: 617
heartbeat: 618
heartbeat: 619
heartbeat: 620
heartbeat: 621
heartbeat: 622
heartbeat: 623
heartbeat: 624
heartbeat: 625
heartbeat: 626
heartbeat: 627
heartbeat: 628
heartbeat: 629
heartbeat: 630
heartbeat: 631
heartbeat: 632
heartbeat: 633
heartbeat: 634
heartbeat: 635
heartbeat: 636
heartbeat: 637
heartbeat: 638
heartbeat: 639
heartbeat: 640
heartbeat: 641
heartbeat: 642
heartbeat: 643
heartbeat: 644
heartbeat: 645
heartbeat: 646
heartbeat: 647
heartbeat: 648
heartbeat: 649
heartbeat: 650
heartbeat: 651
heartbeat: 652
heartbeat: 653
heartbeat: 654
heartbeat: 655
heartbeat: 656
heartbeat: 657
heartbeat: 658
heartbeat: 659
heartbeat: 660
heartbeat: 661
heartbeat: 662
heartbeat: 663
heartbeat: 664
heartbeat: 665
heartbeat: 666
heartbeat: 667
heartbeat: 668
heartbeat: 669
heartbeat: 670
heartbeat: 671
heartbeat: 672
heartbeat: 673
heartbeat: 674
heartbeat: 675
heartbeat: 676
heartbeat: 677
heartbeat: 678
heartbeat: 679
heartbeat: 680
heartbeat: 681
heartbeat: 682
heartbeat: 683
heartbeat: 684
heartbeat: 685
heartbeat: 686
heartbeat: 687
heartbeat: 688
heartbeat: 689
heartbeat: 690
heartbeat: 691
heartbeat: 692
heartbeat: 693
heartbeat: 694
heartbeat: 695
heartbeat: 696
heartbeat: 697
heartbeat: 698
heartbeat: 699
heartbeat: 700
heartbeat: 701
heartbeat: 702
heartbeat: 703
heartbeat: 704
heartbeat: 705
heartbeat: 706
heartbeat: 707
heartbeat: 708
heartbeat: 709
heartbeat: 710
heartbeat: 711
heartbeat: 712
heartbeat: 713
heartbeat: 714
heartbeat: 715
heartbeat: 716
heartbeat: 717
heartbeat: 718
heartbeat: 719
heartbeat: 720
heartbeat: 721
heartbeat: 722
heartbeat: 723
heartbeat: 724
heartbeat: 725
heartbeat: 726
heartbeat: 727
heartbeat: 728
heartbeat: 729
heartbeat: 730
heartbeat: 731
heartbeat: 732
heartbeat: 733
heartbeat: 734
heartbeat: 735
heartbeat: 736
heartbeat: 737
heartbeat: 738
heartbeat: 739
heartbeat: 740
heartbeat: 741
heartbeat: 742
heartbeat: 743
heartbeat: 744
heartbeat: 745
heartbeat: 746
heartbeat: 747
heartbeat: 748
heartbeat: 749
heartbeat: 750
heartbeat: 751
heartbeat: 752
heartbeat: 753
heartbeat: 754
heartbeat: 755
heartbeat: 756
heartbeat: 757
heartbeat: 758
heartbeat: 759
heartbeat: 760
heartbeat: 761
heartbeat: 762
heartbeat: 763
heartbeat: 764
heartbeat: 765
heartbeat: 766
heartbeat: 767
heartbeat: 768
heartbeat: 769
heartbeat: 770
heartbeat: 771
heartbeat: 772
heartbeat: 773
heartbeat: 774
heartbeat: 775
heartbeat: 776
heartbeat: 777
heartbeat: 778
heartbeat: 779
heartbeat: 780
heartbeat: 781
heartbeat: 782
heartbeat: 783
heartbeat: 784
heartbeat: 785
heartbeat: 786
heartbeat: 787
heartbeat: 788
heartbeat: 789
heartbeat: 790
heartbeat: 791
heartbeat: 792
heartbeat: 793
heartbeat: 794
heartbeat: 795
heartbeat: 796
heartbeat: 797
heartbeat: 798
heartbeat: 799
heartbeat: 800
heartbeat: 801
heartbeat: 802
heartbeat: 803
heartbeat: 804
heartbeat: 805
heartbeat: 806
heartbeat: 807
heartbeat: 808
heartbeat: 809
heartbeat: 810
heartbeat: 811
heartbeat: 812
heartbeat: 813
heartbeat: 814
heartbeat: 815
heartbeat: 816
heartbeat: 817
heartbeat: 818
heartbeat: 819
heartbeat: 820
heartbeat: 821
heartbeat: 822
heartbeat: 823
heartbeat: 824
heartbeat: 825
heartbeat: 826
heartbeat: 827
heartbeat: 828
heartbeat: 829
heartbeat: 830
heartbeat: 831
heartbeat: 832
heartbeat: 833
heartbeat: 834
heartbeat: 835
heartbeat: 836
heartbeat: 837
heartbeat: 838
heartbeat: 839
heartbeat: 840
heartbeat: 841
heartbeat: 842
heartbeat: 843
heartbeat: 844
heartbeat: 845
heartbeat: 846
heartbeat: 847
heartbeat: 848
heartbeat: 849
heartbeat: 850
heartbeat: 851
heartbeat: 852
heartbeat: 853
heartbeat: 854
heartbeat: 855
heartbeat: 856
heartbeat: 857
heartbeat: 858
heartbeat: 859
heartbeat: 860
heartbeat: 861
heartbeat: 862
heartbeat: 863
heartbeat: 864
heartbeat: 865
heartbeat: 866
heartbeat: 867
heartbeat: 868
heartbeat: 869
heartbeat: 870
heartbeat: 871
heartbeat: 872
heartbeat: 873
heartbeat: 874
heartbeat: 875
heartbeat: 876
heartbeat: 877
heartbeat: 878
heartbeat: 879
heartbeat: 880
heartbeat: 881
heartbeat: 882
heartbeat: 883
heartbeat: 884
heartbeat: 885
heartbeat: 886
heartbeat: 887
heartbeat: 888
heartbeat: 889
heartbeat: 890
heartbeat: 891
heartbeat: 892
heartbeat: 893
heartbeat: 894
heartbeat: 895
heartbeat: 896
heartbeat: 897
heartbeat: 898
heartbeat: 899
heartbeat: 900
heartbeat: 901
heartbeat: 902
heartbeat: 903
heartbeat: 904
heartbeat: 905
heartbeat: 906
heartbeat: 907
heartbeat: 908
heartbeat: 909
heartbeat: 910
heartbeat: 911
heartbeat: 912
heartbeat: 913
heartbeat: 914
heartbeat: 915
heartbeat: 916
heartbeat: 917
heartbeat: 918
heartbeat: 919
heartbeat: 920
heartbeat: 921
heartbeat: 922
heartbeat: 923
heartbeat: 924
heartbeat: 925
heartbeat: 926
heartbeat: 927
heartbeat: 928
heartbeat: 929
heartbeat: 930
heartbeat: 931
heartbeat: 932
heartbeat: 933
heartbeat: 934
heartbeat: 935
heartbeat: 936
heartbeat: 937
heartbeat: 938
heartbeat: 939
heartbeat: 940
heartbeat: 941
heartbeat: 942
heartbeat: 943
heartbeat: 944
heartbeat: 945
heartbeat: 946
heartbeat: 947
heartbeat: 948
heartbeat: 949
heartbeat: 950
heartbeat: 951
heartbeat: 952
heartbeat: 953
heartbeat: 954
heartbeat: 955
heartbeat: 956
heartbeat: 957
heartbeat: 958
heartbeat: 959
heartbeat: 960
heartbeat: 961
heartbeat: 962
heartbeat: 963
heartbeat: 964
heartbeat: 965
heartbeat: 966
heartbeat: 967
heartbeat: 968
heartbeat: 969
heartbeat: 970
heartbeat: 971
heartbeat: 972
heartbeat: 973
heartbeat: 974
heartbeat: 975
heartbeat: 976
heartbeat: 977
heartbeat: 978
heartbeat: 979
heartbeat: 980
heartbeat: 981
heartbeat: 982
heartbeat: 983
heartbeat: 984
heartbeat: 985
heartbeat: 986
heartbeat: 987
heartbeat: 988
heartbeat: 989
heartbeat: 990
heartbeat: 991
heartbeat: 992
heartbeat: 993
heartbeat: 994
heartbeat: 995
heartbeat: 996
heartbeat: 997
heartbeat: 998
heartbeat: 999
heartbeat: 1000
heartbeat: 1001
heartbeat: 1002
heartbeat: 1003
heartbeat: 1004
heartbeat: 1005
heartbeat: 1006
heartbeat: 1007
heartbeat: 1008
heartbeat: 1009
heartbeat: 1010
heartbeat: 1011
heartbeat: 1012
heartbeat: 1013
heartbeat: 1014
heartbeat: 1015
heartbeat: 1016
heartbeat: 1017
heartbeat: 1018
heartbeat: 1019
heartbeat: 1020
heartbeat: 1021
heartbeat: 1022
heartbeat: 1023
heartbeat: 1024
heartbeat: 1025
heartbeat: 1026
heartbeat: 1027
heartbeat: 1028
heartbeat: 1029
heartbeat: 1030
heartbeat: 1031
heartbeat: 1032
heartbeat: 1033
heartbeat: 1034
heartbeat: 1035
heartbeat: 1036
heartbeat: 1037
heartbeat: 1038
heartbeat: 1039
heartbeat: 1040
heartbeat: 1041
heartbeat: 1042
heartbeat: 1043
heartbeat: 1044
heartbeat: 1045
heartbeat: 1046
heartbeat: 1047
heartbeat: 1048
heartbeat: 1049
heartbeat: 1050
heartbeat: 1051
heartbeat: 1052
heartbeat: 1053
heartbeat: 1054
heartbeat: 1055
heartbeat: 1056
heartbeat: 1057
heartbeat: 1058
heartbeat: 1059
heartbeat: 1060
heartbeat: 1061
heartbeat: 1062
heartbeat: 1063
heartbeat: 1064
heartbeat: 1065
heartbeat: 1066
heartbeat: 1067
heartbeat: 1068
heartbeat: 1069
heartbeat: 1070
heartbeat: 1071
heartbeat: 1072
heartbeat: 1073
heartbeat: 1074
heartbeat: 1075
heartbeat: 1076
heartbeat: 1077
heartbeat: 1078
heartbeat: 1079
heartbeat: 1080
heartbeat: 1081
heartbeat: 1082
heartbeat: 1083
heartbeat: 1084
heartbeat: 1085
heartbeat: 1086
heartbeat: 1087
heartbeat: 1088
heartbeat: 1089
heartbeat: 1090
heartbeat: 1091
heartbeat: 1092
heartbeat: 1093
heartbeat: 1094
heartbeat: 1095
heartbeat: 1096
heartbeat: 1097
heartbeat: 1098
heartbeat: 1099
heartbeat: 1100
heartbeat: 1101
heartbeat: 1102
heartbeat: 1103
heartbeat: 1104
heartbeat: 1105
heartbeat: 1106
heartbeat: 1107
heartbeat: 1108
heartbeat: 1109
heartbeat: 1110
heartbeat: 1111
heartbeat: 1112
heartbeat: 1113
heartbeat: 1114
heartbeat: 1115
heartbeat: 1116
heartbeat: 1117
heartbeat: 1118
heartbeat: 1119
heartbeat: 1120
heartbeat: 1121
heartbeat: 1122
heartbeat: 1123
heartbeat: 1124
heartbeat: 1125
heartbeat: 1126
heartbeat: 1127
heartbeat: 1128
heartbeat: 1129
heartbeat: 1130
heartbeat: 1131
heartbeat: 1132
heartbeat: 1133
heartbeat: 1134
heartbeat: 1135
heartbeat: 1136
heartbeat: 1137
heartbeat: 1138
heartbeat: 1139
heartbeat: 1140
heartbeat: 1141
heartbeat: 1142
heartbeat: 1143
heartbeat: 1144
heartbeat: 1145
heartbeat: 1146
heartbeat: 1147
heartbeat: 1148
heartbeat: 1149
heartbeat: 1150
heartbeat: 1151
heartbeat: 1152
heartbeat: 1153
heartbeat: 1154
heartbeat: 1155
heartbeat: 1156
heartbeat: 1157
heartbeat: 1158
heartbeat: 1159
heartbeat: 1160
heartbeat: 1161
heartbeat: 1162
heartbeat: 1163
heartbeat: 1164
heartbeat: 1165
heartbeat: 1166
heartbeat: 1167
heartbeat: 1168
heartbeat: 1169
heartbeat: 1170
heartbeat: 1171
heartbeat: 1172
heartbeat: 1173
heartbeat: 1174
heartbeat: 1175
heartbeat: 1176
heartbeat: 1177
heartbeat: 1178
heartbeat: 1179
heartbeat: 1180
heartbeat: 1181
heartbeat: 1182
heartbeat: 1183
heartbeat: 1184
heartbeat: 1185
heartbeat: 1186
heartbeat: 1187
heartbeat: 1188
heartbeat: 1189
heartbeat: 1190
heartbeat: 1191
heartbeat: 1192
heartbeat: 1193
heartbeat: 1194
heartbeat: 1195
heartbeat: 1196
heartbeat: 1197
heartbeat: 1198
heartbeat: 1199
heartbeat: 1200
heartbeat: 1201
heartbeat: 1202
heartbeat: 1203
heartbeat: 1204
heartbeat: 1205
heartbeat: 1206
heartbeat: 1207
heartbeat: 1208
heartbeat: 1209
heartbeat: 1210
heartbeat: 1211
heartbeat: 1212
heartbeat: 1213
heartbeat: 1214
heartbeat: 1215
heartbeat: 1216
heartbeat: 1217
heartbeat: 1218
heartbeat: 1219
heartbeat: 1220
heartbeat: 1221
heartbeat: 1222
heartbeat: 1223
heartbeat: 1224
heartbeat: 1225
heartbeat: 1226
heartbeat: 1227
heartbeat: 1228
heartbeat: 1229
heartbeat: 1230
heartbeat: 1231
heartbeat: 1232
heartbeat: 1233
heartbeat: 1234
heartbeat: 1235
heartbeat: 1236
heartbeat: 1237
heartbeat: 1238
heartbeat: 1239
heartbeat: 1240
heartbeat: 1241
heartbeat: 1242
heartbeat: 1243
heartbeat: 1244
heartbeat: 1245
heartbeat: 1246
heartbeat: 1247
heartbeat: 1248
heartbeat: 1249
heartbeat: 1250
heartbeat: 1251
heartbeat: 1252
heartbeat: 1253
heartbeat: 1254
heartbeat: 1255
heartbeat: 1256
heartbeat: 1257
heartbeat: 1258
heartbeat: 1259
heartbeat: 1260
heartbeat: 1261
heartbeat: 1262
heartbeat: 1263
heartbeat: 1264
heartbeat: 1265
heartbeat: 1266
heartbeat: 1267
heartbeat: 1268
heartbeat: 1269
heartbeat: 1270
heartbeat: 1271
heartbeat: 1272
heartbeat: 1273
heartbeat: 1274
heartbeat: 1275
heartbeat: 1276
heartbeat: 1277
heartbeat: 1278
heartbeat: 1279
heartbeat: 1280
heartbeat: 1281
heartbeat: 1282
heartbeat: 1283
heartbeat: 1284
heartbeat: 1285
heartbeat: 1286
heartbeat: 1287
heartbeat: 1288
heartbeat: 1289
heartbeat: 1290
heartbeat: 1291
heartbeat: 1292
heartbeat: 1293
heartbeat: 1294
heartbeat: 1295
heartbeat: 1296
heartbeat: 1297
heartbeat: 1298
heartbeat: 1299
heartbeat: 1300
